../Core/Src/main.c:96:6:cout	24	static
../Core/Src/main.c:107:6:argmax	32	static
../Core/Src/main.c:146:13:AI_Init	42000	static
../Core/Src/main.c:164:13:AI_Run	24	static
../Core/Src/main.c:189:6:stft_cus	16	static
../Core/Src/main.c:232:6:HAL_ADC_ConvCpltCallback	24	static
../Core/Src/main.c:261:5:main	42000	static
../Core/Src/main.c:337:6:SystemClock_Config	88	static
../Core/Src/main.c:384:13:MX_ADC1_Init	24	static
../Core/Src/main.c:436:13:MX_CRC_Init	8	static
../Core/Src/main.c:462:13:MX_TIM3_Init	64	static
../Core/Src/main.c:520:13:MX_USART1_UART_Init	8	static
../Core/Src/main.c:553:13:MX_GPIO_Init	16	static
../Core/Src/main.c:574:6:Error_Handler	4	static,ignoring_inline_asm
