Archive member included to satisfy reference by file (symbol)

../Middlewares/ST/AI/Lib\NetworkRuntime730_CM4_GCC.a(ai_platform.o)
                              ./X-CUBE-AI/App/network.o (ai_buffer_array_item_set_address)
../Middlewares/ST/AI/Lib\NetworkRuntime730_CM4_GCC.a(ai_platform_interface.o)
                              ./X-CUBE-AI/App/network.o (ai_platform_get_weights_map)
../Middlewares/ST/AI/Lib\NetworkRuntime730_CM4_GCC.a(core_mem_manager.o)
                              ../Middlewares/ST/AI/Lib\NetworkRuntime730_CM4_GCC.a(ai_platform_interface.o) (core_mem_alloc)
../Middlewares/ST/AI/Lib\NetworkRuntime730_CM4_GCC.a(core_common.o)
                              ../Middlewares/ST/AI/Lib\NetworkRuntime730_CM4_GCC.a(ai_platform_interface.o) (core_init)
../Middlewares/ST/AI/Lib\NetworkRuntime730_CM4_GCC.a(layers_conv2d_generic_float.o)
                              ./X-CUBE-AI/App/network.o (forward_conv2d)
../Middlewares/ST/AI/Lib\NetworkRuntime730_CM4_GCC.a(layers_pool_generic_float.o)
                              ./X-CUBE-AI/App/network.o (pool_func_ap_array_f32)
../Middlewares/ST/AI/Lib\NetworkRuntime730_CM4_GCC.a(layers_nl_generic_float.o)
                              ./X-CUBE-AI/App/network.o (nl_func_relu_array_f32)
../Middlewares/ST/AI/Lib\NetworkRuntime730_CM4_GCC.a(layers_generic_float.o)
                              ./X-CUBE-AI/App/network.o (forward_upsample)
../Middlewares/ST/AI/Lib\NetworkRuntime730_CM4_GCC.a(layers.o)
                              ../Middlewares/ST/AI/Lib\NetworkRuntime730_CM4_GCC.a(ai_platform_interface.o) (ai_check_custom_types)
../Middlewares/ST/AI/Lib\NetworkRuntime730_CM4_GCC.a(lite_generic_float.o)
                              ../Middlewares/ST/AI/Lib\NetworkRuntime730_CM4_GCC.a(layers_generic_float.o) (forward_lite_topK_axis_0_if32of32)
../Middlewares/ST/AI/Lib\NetworkRuntime730_CM4_GCC.a(lite_dense_if32.o)
                              ../Middlewares/ST/AI/Lib\NetworkRuntime730_CM4_GCC.a(layers_conv2d_generic_float.o) (lite_dense_if32of32wf32)
../Middlewares/ST/AI/Lib\NetworkRuntime730_CM4_GCC.a(st_int8_fill.o)
                              ../Middlewares/ST/AI/Lib\NetworkRuntime730_CM4_GCC.a(layers_generic_float.o) (st_int8_fill)
../Middlewares/ST/AI/Lib\NetworkRuntime730_CM4_GCC.a(arm_mat_init_f32.o)
                              ../Middlewares/ST/AI/Lib\NetworkRuntime730_CM4_GCC.a(layers_conv2d_generic_float.o) (st_dsp_arm_mat_init_f32)
../Middlewares/ST/AI/Lib\NetworkRuntime730_CM4_GCC.a(ai_datatypes_internal.o)
                              ../Middlewares/ST/AI/Lib\NetworkRuntime730_CM4_GCC.a(ai_platform_interface.o) (ai_version_get)
../Middlewares/ST/AI/Lib\NetworkRuntime730_CM4_GCC.a(ai_datatypes_format.o)
                              ../Middlewares/ST/AI/Lib\NetworkRuntime730_CM4_GCC.a(ai_platform_interface.o) (ai_array_to_buffer_fmt)
../Middlewares/ST/AI/Lib\NetworkRuntime730_CM4_GCC.a(core_utils.o)
                              ../Middlewares/ST/AI/Lib\NetworkRuntime730_CM4_GCC.a(layers_generic_float.o) (core_get_broadcasted_shape)
../Middlewares/ST/AI/Lib\NetworkRuntime730_CM4_GCC.a(ai_math_helpers.o)
                              ../Middlewares/ST/AI/Lib\NetworkRuntime730_CM4_GCC.a(layers_nl_generic_float.o) (ai_math_sqrt)
../Middlewares/ST/AI/Lib\NetworkRuntime730_CM4_GCC.a(st_convolve_reference.o)
                              ../Middlewares/ST/AI/Lib\NetworkRuntime730_CM4_GCC.a(ai_math_helpers.o) (align_factor)
../Middlewares/ST/ARM/DSP/Lib\libarm_cortexM4lf_math.a(arm_cfft_radix4_init_f32.o)
                              ./Core/Src/main.o (arm_cfft_radix4_init_f32)
../Middlewares/ST/ARM/DSP/Lib\libarm_cortexM4lf_math.a(arm_cfft_radix4_f32.o)
                              ./Core/Src/main.o (arm_cfft_radix4_f32)
../Middlewares/ST/ARM/DSP/Lib\libarm_cortexM4lf_math.a(arm_bitreversal.o)
                              ../Middlewares/ST/ARM/DSP/Lib\libarm_cortexM4lf_math.a(arm_cfft_radix4_f32.o) (arm_bitreversal_f32)
../Middlewares/ST/ARM/DSP/Lib\libarm_cortexM4lf_math.a(arm_cmplx_mag_f32.o)
                              ./Core/Src/main.o (arm_cmplx_mag_f32)
../Middlewares/ST/ARM/DSP/Lib\libarm_cortexM4lf_math.a(arm_common_tables.o)
                              ../Middlewares/ST/ARM/DSP/Lib\libarm_cortexM4lf_math.a(arm_cfft_radix4_init_f32.o) (twiddleCoef_4096)
D:/STM/STM32CubeIDE_1.13.2/STM32CubeIDE/plugins/com.st.stm32cube.ide.mcu.externaltools.gnu-tools-for-stm32.11.3.rel1.win32_1.1.1.202309131626/tools/bin/../lib/gcc/arm-none-eabi/11.3.1/../../../../arm-none-eabi/lib/thumb/v7e-m+fp/hard\libc_nano.a(libc_a-exit.o)
                              D:/STM/STM32CubeIDE_1.13.2/STM32CubeIDE/plugins/com.st.stm32cube.ide.mcu.externaltools.gnu-tools-for-stm32.11.3.rel1.win32_1.1.1.202309131626/tools/bin/../lib/gcc/arm-none-eabi/11.3.1/../../../../arm-none-eabi/lib/thumb/v7e-m+fp/hard/crt0.o (exit)
[...]
Memory Configuration

Name             Origin             Length             Attributes
RAM              0x0000000020000000 0x0000000000020000 xrw
FLASH            0x0000000008000000 0x0000000000080000 xr
*default*        0x0000000000000000 0xffffffffffffffff

Linker script and memory map

LOAD D:/STM/STM32CubeIDE_1.13.2/STM32CubeIDE/plugins/com.st.stm32cube.ide.mcu.externaltools.gnu-tools-for-stm32.11.3.rel1.win32_1.1.1.202309131626/tools/bin/../lib/gcc/arm-none-eabi/11.3.1/thumb/v7e-m+fp/hard/crti.o
LOAD D:/STM/STM32CubeIDE_1.13.2/STM32CubeIDE/plugins/com.st.stm32cube.ide.mcu.externaltools.gnu-tools-for-stm32.11.3.rel1.win32_1.1.1.202309131626/tools/bin/../lib/gcc/arm-none-eabi/11.3.1/thumb/v7e-m+fp/hard/crtbegin.o
LOAD D:/STM/STM32CubeIDE_1.13.2/STM32CubeIDE/plugins/com.st.stm32cube.ide.mcu.externaltools.gnu-tools-for-stm32.11.3.rel1.win32_1.1.1.202309131626/tools/bin/../lib/gcc/arm-none-eabi/11.3.1/../../../../arm-none-eabi/lib/thumb/v7e-m+fp/hard/crt0.o
LOAD ./Core/Src/main.o
LOAD ./Core/Src/stm32f4xx_hal_msp.o
LOAD ./Core/Src/stm32f4xx_it.o
LOAD ./Core/Src/syscalls.o
LOAD ./Core/Src/sysmem.o
LOAD ./Core/Src/system_stm32f4xx.o
LOAD ./Core/Startup/startup_stm32f411ceux.o
LOAD ./Drivers/STM32F4xx_HAL_Driver/Src/stm32f4xx_hal.o
LOAD ./Drivers/STM32F4xx_HAL_Driver/Src/stm32f4xx_hal_adc.o
LOAD ./Drivers/STM32F4xx_HAL_Driver/Src/stm32f4xx_hal_adc_ex.o
LOAD ./Drivers/STM32F4xx_HAL_Driver/Src/stm32f4xx_hal_cortex.o
LOAD ./Drivers/STM32F4xx_HAL_Driver/Src/stm32f4xx_hal_crc.o
LOAD ./Drivers/STM32F4xx_HAL_Driver/Src/stm32f4xx_hal_dma.o
LOAD ./Drivers/STM32F4xx_HAL_Driver/Src/stm32f4xx_hal_dma_ex.o
LOAD ./Drivers/STM32F4xx_HAL_Driver/Src/stm32f4xx_hal_exti.o
LOAD ./Drivers/STM32F4xx_HAL_Driver/Src/stm32f4xx_hal_flash.o
LOAD ./Drivers/STM32F4xx_HAL_Driver/Src/stm32f4xx_hal_flash_ex.o
LOAD ./Drivers/STM32F4xx_HAL_Driver/Src/stm32f4xx_hal_flash_ramfunc.o
LOAD ./Drivers/STM32F4xx_HAL_Driver/Src/stm32f4xx_hal_gpio.o
LOAD ./Drivers/STM32F4xx_HAL_Driver/Src/stm32f4xx_hal_pwr.o
LOAD ./Drivers/STM32F4xx_HAL_Driver/Src/stm32f4xx_hal_pwr_ex.o
LOAD ./Drivers/STM32F4xx_HAL_Driver/Src/stm32f4xx_hal_rcc.o
LOAD ./Drivers/STM32F4xx_HAL_Driver/Src/stm32f4xx_hal_rcc_ex.o
LOAD ./Drivers/STM32F4xx_HAL_Driver/Src/stm32f4xx_hal_tim.o
LOAD ./Drivers/STM32F4xx_HAL_Driver/Src/stm32f4xx_hal_tim_ex.o
LOAD ./Drivers/STM32F4xx_HAL_Driver/Src/stm32f4xx_hal_uart.o
LOAD ./Drivers/STM32F4xx_HAL_Driver/Src/stm32f4xx_ll_adc.o
LOAD ./X-CUBE-AI/App/network.o
LOAD ./X-CUBE-AI/App/network_data.o
LOAD ./X-CUBE-AI/App/network_data_params.o
START GROUP
LOAD ../Middlewares/ST/AI/Lib\NetworkRuntime730_CM4_GCC.a
LOAD ../Middlewares/ST/ARM/DSP/Lib\libarm_cortexM4lf_math.a
END GROUP
START GROUP
LOAD D:/STM/STM32CubeIDE_1.13.2/STM32CubeIDE/plugins/com.st.stm32cube.ide.mcu.externaltools.gnu-tools-for-stm32.11.3.rel1.win32_1.1.1.202309131626/tools/bin/../lib/gcc/arm-none-eabi/11.3.1/../../../../arm-none-eabi/lib/thumb/v7e-m+fp/hard\libc_nano.a
LOAD D:/STM/STM32CubeIDE_1.13.2/STM32CubeIDE/plugins/com.st.stm32cube.ide.mcu.externaltools.gnu-tools-for-stm32.11.3.rel1.win32_1.1.1.202309131626/tools/bin/../lib/gcc/arm-none-eabi/11.3.1/../../../../arm-none-eabi/lib/thumb/v7e-m+fp/hard\libm.a
END GROUP
START GROUP
LOAD D:/STM/STM32CubeIDE_1.13.2/STM32CubeIDE/plugins/com.st.stm32cube.ide.mcu.externaltools.gnu-tools-for-stm32.11.3.rel1.win32_1.1.1.202309131626/tools/bin/../lib/gcc/arm-none-eabi/11.3.1/thumb/v7e-m+fp/hard\libgcc.a
LOAD D:/STM/STM32CubeIDE_1.13.2/STM32CubeIDE/plugins/com.st.stm32cube.ide.mcu.externaltools.gnu-tools-for-stm32.11.3.rel1.win32_1.1.1.202309131626/tools/bin/../lib/gcc/arm-none-eabi/11.3.1/../../../../arm-none-eabi/lib/thumb/v7e-m+fp/hard\libc_nano.a
END GROUP
START GROUP
LOAD D:/STM/STM32CubeIDE_1.13.2/STM32CubeIDE/plugins/com.st.stm32cube.ide.mcu.externaltools.gnu-tools-for-stm32.11.3.rel1.win32_1.1.1.202309131626/tools/bin/../lib/gcc/arm-none-eabi/11.3.1/thumb/v7e-m+fp/hard\libgcc.a
LOAD D:/STM/STM32CubeIDE_1.13.2/STM32CubeIDE/plugins/com.st.stm32cube.ide.mcu.externaltools.gnu-tools-for-stm32.11.3.rel1.win32_1.1.1.202309131626/tools/bin/../lib/gcc/arm-none-eabi/11.3.1/../../../../arm-none-eabi/lib/thumb/v7e-m+fp/hard\libc_nano.a
LOAD D:/STM/STM32CubeIDE_1.13.2/STM32CubeIDE/plugins/com.st.stm32cube.ide.mcu.externaltools.gnu-tools-for-stm32.11.3.rel1.win32_1.1.1.202309131626/tools/bin/../lib/gcc/arm-none-eabi/11.3.1/../../../../arm-none-eabi/lib/thumb/v7e-m+fp/hard\libnosys.a
END GROUP
START GROUP
LOAD D:/STM/STM32CubeIDE_1.13.2/STM32CubeIDE/plugins/com.st.stm32cube.ide.mcu.externaltools.gnu-tools-for-stm32.11.3.rel1.win32_1.1.1.202309131626/tools/bin/../lib/gcc/arm-none-eabi/11.3.1/thumb/v7e-m+fp/hard\libgcc.a
LOAD D:/STM/STM32CubeIDE_1.13.2/STM32CubeIDE/plugins/com.st.stm32cube.ide.mcu.externaltools.gnu-tools-for-stm32.11.3.rel1.win32_1.1.1.202309131626/tools/bin/../lib/gcc/arm-none-eabi/11.3.1/../../../../arm-none-eabi/lib/thumb/v7e-m+fp/hard\libc_nano.a
LOAD D:/STM/STM32CubeIDE_1.13.2/STM32CubeIDE/plugins/com.st.stm32cube.ide.mcu.externaltools.gnu-tools-for-stm32.11.3.rel1.win32_1.1.1.202309131626/tools/bin/../lib/gcc/arm-none-eabi/11.3.1/../../../../arm-none-eabi/lib/thumb/v7e-m+fp/hard\libnosys.a
END GROUP
LOAD D:/STM/STM32CubeIDE_1.13.2/STM32CubeIDE/plugins/com.st.stm32cube.ide.mcu.externaltools.gnu-tools-for-stm32.11.3.rel1.win32_1.1.1.202309131626/tools/bin/../lib/gcc/arm-none-eabi/11.3.1/thumb/v7e-m+fp/hard/crtend.o
LOAD D:/STM/STM32CubeIDE_1.13.2/STM32CubeIDE/plugins/com.st.stm32cube.ide.mcu.externaltools.gnu-tools-for-stm32.11.3.rel1.win32_1.1.1.202309131626/tools/bin/../lib/gcc/arm-none-eabi/11.3.1/thumb/v7e-m+fp/hard/crtn.o
                0x0000000020020000                _estack = (ORIGIN (RAM) + LENGTH (RAM))
                0x0000000000000800                _Min_Heap_Size = 0x800
                0x0000000000000800                _Min_Stack_Size = 0x800

.isr_vector     0x0000000008000000      0x198
                0x0000000008000000                . = ALIGN (0x4)
 *(.isr_vector)
 .isr_vector    0x0000000008000000      0x198 ./Core/Startup/startup_stm32f411ceux.o
                0x0000000008000000                g_pfnVectors
                0x0000000008000198                . = ALIGN (0x4)

.text           0x00000000080001a0     0xde6c
                0x00000000080001a0                . = ALIGN (0x4)
 *(.text)
 .text          0x00000000080001a0       0x40 D:/STM/STM32CubeIDE_1.13.2/STM32CubeIDE/plugins/com.st.stm32cube.ide.mcu.externaltools.gnu-tools-for-stm32.11.3.rel1.win32_1.1.1.202309131626/tools/bin/../lib/gcc/arm-none-eabi/11.3.1/thumb/v7e-m+fp/hard/crtbegin.o
 .text          0x00000000080001e0       0xa0 D:/STM/STM32CubeIDE_1.13.2/STM32CubeIDE/plugins/com.st.stm32cube.ide.mcu.externaltools.gnu-tools-for-stm32.11.3.rel1.win32_1.1.1.202309131626/tools/bin/../lib/gcc/arm-none-eabi/11.3.1/../../../../arm-none-eabi/lib/thumb/v7e-m+fp/hard\libc_nano.a(libc_a-memchr.o)
                0x00000000080001e0                memchr
 .text          0x0000000008000280       0x10 D:/STM/STM32CubeIDE_1.13.2/STM32CubeIDE/plugins/com.st.stm32cube.ide.mcu.externaltools.gnu-tools-for-stm32.11.3.rel1.win32_1.1.1.202309131626/tools/bin/../lib/gcc/arm-none-eabi/11.3.1/../../../../arm-none-eabi/lib/thumb/v7e-m+fp/hard\libc_nano.a(libc_a-strlen.o)
                0x0000000008000280                strlen
 .text          0x0000000008000290      0x378 D:/STM/STM32CubeIDE_1.13.2/STM32CubeIDE/plugins/com.st.stm32cube.ide.mcu.externaltools.gnu-tools-for-stm32.11.3.rel1.win32_1.1.1.202309131626/tools/bin/../lib/gcc/arm-none-eabi/11.3.1/thumb/v7e-m+fp/hard\libgcc.a(_arm_addsubdf3.o)
                0x0000000008000290                __aeabi_drsub
                0x0000000008000298                __aeabi_dsub
                0x0000000008000298                __subdf3
                0x000000000800029c                __aeabi_dadd
                0x000000000800029c                __adddf3
                0x0000000008000514                __floatunsidf
                0x0000000008000514                __aeabi_ui2d
                0x0000000008000534                __floatsidf
                0x0000000008000534                __aeabi_i2d
                0x0000000008000558                __aeabi_f2d
                0x0000000008000558                __extendsfdf2
                0x000000000800059c                __floatundidf
                0x000000000800059c                __aeabi_ul2d
                0x00000000080005ac                __floatdidf
                0x00000000080005ac                __aeabi_l2d
 .text          0x0000000008000608      0x424 D:/STM/STM32CubeIDE_1.13.2/STM32CubeIDE/plugins/com.st.stm32cube.ide.mcu.externaltools.gnu-tools-for-stm32.11.3.rel1.win32_1.1.1.202309131626/tools/bin/../lib/gcc/arm-none-eabi/11.3.1/thumb/v7e-m+fp/hard\libgcc.a(_arm_muldivdf3.o)
                0x0000000008000608                __aeabi_dmul
                0x0000000008000608                __muldf3
                0x000000000800085c                __divdf3
                0x000000000800085c                __aeabi_ddiv
 .text          0x0000000008000a2c      0x110 D:/STM/STM32CubeIDE_1.13.2/STM32CubeIDE/plugins/com.st.stm32cube.ide.mcu.externaltools.gnu-tools-for-stm32.11.3.rel1.win32_1.1.1.202309131626/tools/bin/../lib/gcc/arm-none-eabi/11.3.1/thumb/v7e-m+fp/hard\libgcc.a(_arm_cmpdf2.o)
                0x0000000008000a2c                __gtdf2
                0x0000000008000a2c                __gedf2
                0x0000000008000a34                __ltdf2
                0x0000000008000a34                __ledf2
                0x0000000008000a3c                __nedf2
                0x0000000008000a3c                __eqdf2
                0x0000000008000a3c                __cmpdf2
                0x0000000008000ab8                __aeabi_cdrcmple
                0x0000000008000ac8                __aeabi_cdcmpeq
                0x0000000008000ac8                __aeabi_cdcmple
                0x0000000008000ad8                __aeabi_dcmpeq
                0x0000000008000aec                __aeabi_dcmplt
                0x0000000008000b00                __aeabi_dcmple
                0x0000000008000b14                __aeabi_dcmpge
                0x0000000008000b28                __aeabi_dcmpgt
 .text          0x0000000008000b3c       0x2c D:/STM/STM32CubeIDE_1.13.2/STM32CubeIDE/plugins/com.st.stm32cube.ide.mcu.externaltools.gnu-tools-for-stm32.11.3.rel1.win32_1.1.1.202309131626/tools/bin/../lib/gcc/arm-none-eabi/11.3.1/thumb/v7e-m+fp/hard\libgcc.a(_arm_unorddf2.o)
                0x0000000008000b3c                __unorddf2
                0x0000000008000b3c                __aeabi_dcmpun
 .text          0x0000000008000b68       0x50 D:/STM/STM32CubeIDE_1.13.2/STM32CubeIDE/plugins/com.st.stm32cube.ide.mcu.externaltools.gnu-tools-for-stm32.11.3.rel1.win32_1.1.1.202309131626/tools/bin/../lib/gcc/arm-none-eabi/11.3.1/thumb/v7e-m+fp/hard\libgcc.a(_arm_fixdfsi.o)
                0x0000000008000b68                __aeabi_d2iz
                0x0000000008000b68                __fixdfsi
 .text          0x0000000008000bb8       0x40 D:/STM/STM32CubeIDE_1.13.2/STM32CubeIDE/plugins/com.st.stm32cube.ide.mcu.externaltools.gnu-tools-for-stm32.11.3.rel1.win32_1.1.1.202309131626/tools/bin/../lib/gcc/arm-none-eabi/11.3.1/thumb/v7e-m+fp/hard\libgcc.a(_arm_fixunsdfsi.o)
                0x0000000008000bb8                __aeabi_d2uiz
                0x0000000008000bb8                __fixunsdfsi
 .text          0x0000000008000bf8       0xa0 D:/STM/STM32CubeIDE_1.13.2/STM32CubeIDE/plugins/com.st.stm32cube.ide.mcu.externaltools.gnu-tools-for-stm32.11.3.rel1.win32_1.1.1.202309131626/tools/bin/../lib/gcc/arm-none-eabi/11.3.1/thumb/v7e-m+fp/hard\libgcc.a(_arm_truncdfsf2.o)
                0x0000000008000bf8                __truncdfsf2
                0x0000000008000bf8                __aeabi_d2f
 .text          0x0000000008000c98       0x30 D:/STM/STM32CubeIDE_1.13.2/STM32CubeIDE/plugins/com.st.stm32cube.ide.mcu.externaltools.gnu-tools-for-stm32.11.3.rel1.win32_1.1.1.202309131626/tools/bin/../lib/gcc/arm-none-eabi/11.3.1/thumb/v7e-m+fp/hard\libgcc.a(_aeabi_uldivmod.o)
                0x0000000008000c98                __aeabi_uldivmod
 .text          0x0000000008000cc8       0x30 D:/STM/STM32CubeIDE_1.13.2/STM32CubeIDE/plugins/com.st.stm32cube.ide.mcu.externaltools.gnu-tools-for-stm32.11.3.rel1.win32_1.1.1.202309131626/tools/bin/../lib/gcc/arm-none-eabi/11.3.1/thumb/v7e-m+fp/hard\libgcc.a(_fixdfdi.o)
                0x0000000008000cc8                __fixdfdi
                0x0000000008000cc8                __aeabi_d2lz
 .text          0x0000000008000cf8       0x3c D:/STM/STM32CubeIDE_1.13.2/STM32CubeIDE/plugins/com.st.stm32cube.ide.mcu.externaltools.gnu-tools-for-stm32.11.3.rel1.win32_1.1.1.202309131626/tools/bin/../lib/gcc/arm-none-eabi/11.3.1/thumb/v7e-m+fp/hard\libgcc.a(_fixunsdfdi.o)
                0x0000000008000cf8                __fixunsdfdi
                0x0000000008000cf8                __aeabi_d2ulz
 .text          0x0000000008000d34      0x2c8 D:/STM/STM32CubeIDE_1.13.2/STM32CubeIDE/plugins/com.st.stm32cube.ide.mcu.externaltools.gnu-tools-for-stm32.11.3.rel1.win32_1.1.1.202309131626/tools/bin/../lib/gcc/arm-none-eabi/11.3.1/thumb/v7e-m+fp/hard\libgcc.a(_udivmoddi4.o)
                0x0000000008000d34                __udivmoddi4
 .text          0x0000000008000ffc        0x4 D:/STM/STM32CubeIDE_1.13.2/STM32CubeIDE/plugins/com.st.stm32cube.ide.mcu.externaltools.gnu-tools-for-stm32.11.3.rel1.win32_1.1.1.202309131626/tools/bin/../lib/gcc/arm-none-eabi/11.3.1/thumb/v7e-m+fp/hard\libgcc.a(_dvmd_tls.o)
                0x0000000008000ffc                __aeabi_idiv0
                0x0000000008000ffc                __aeabi_ldiv0
 *(.text*)
 .text.argmax   0x0000000008001000       0xb0 ./Core/Src/main.o
                0x0000000008001000                argmax
 .text.AI_Run   0x00000000080010b0       0x78 ./Core/Src/main.o
 .text.stft_cus
                0x0000000008001128       0xf0 ./Core/Src/main.o
                0x0000000008001128                stft_cus
 .text.HAL_ADC_ConvCpltCallback
                0x0000000008001218       0xa0 ./Core/Src/main.o
                0x0000000008001218                HAL_ADC_ConvCpltCallback
 .text.main     0x00000000080012b8       0xdc ./Core/Src/main.o
                0x00000000080012b8                main
 .text.SystemClock_Config
                0x0000000008001394       0xd0 ./Core/Src/main.o
                0x0000000008001394                SystemClock_Config
 .text.MX_ADC1_Init
                0x0000000008001464       0xa4 ./Core/Src/main.o
 .text.MX_CRC_Init
                0x0000000008001508       0x28 ./Core/Src/main.o
 .text.MX_TIM3_Init
                0x0000000008001530       0xe4 ./Core/Src/main.o
 .text.MX_USART1_UART_Init
                0x0000000008001614       0x54 ./Core/Src/main.o
 .text.MX_GPIO_Init
                0x0000000008001668       0x50 ./Core/Src/main.o
 .text.Error_Handler
                0x00000000080016b8        0xa ./Core/Src/main.o
                0x00000000080016b8                Error_Handler
 *fill*         0x00000000080016c2        0x2 
 .text.HAL_MspInit
                0x00000000080016c4       0x50 ./Core/Src/stm32f4xx_hal_msp.o
                0x00000000080016c4                HAL_MspInit
 .text.HAL_ADC_MspInit
                0x0000000008001714       0x98 ./Core/Src/stm32f4xx_hal_msp.o
                0x0000000008001714                HAL_ADC_MspInit
 .text.HAL_CRC_MspInit
                0x00000000080017ac       0x44 ./Core/Src/stm32f4xx_hal_msp.o
                0x00000000080017ac                HAL_CRC_MspInit
 .text.HAL_TIM_Base_MspInit
                0x00000000080017f0       0x44 ./Core/Src/stm32f4xx_hal_msp.o
                0x00000000080017f0                HAL_TIM_Base_MspInit
 .text.HAL_UART_MspInit
                0x0000000008001834       0xa0 ./Core/Src/stm32f4xx_hal_msp.o
                0x0000000008001834                HAL_UART_MspInit
 .text.NMI_Handler
                0x00000000080018d4        0x6 ./Core/Src/stm32f4xx_it.o
                0x00000000080018d4                NMI_Handler
 .text.HardFault_Handler
                0x00000000080018da        0x6 ./Core/Src/stm32f4xx_it.o
                0x00000000080018da                HardFault_Handler
 .text.MemManage_Handler
                0x00000000080018e0        0x6 ./Core/Src/stm32f4xx_it.o
                0x00000000080018e0                MemManage_Handler
 .text.BusFault_Handler
                0x00000000080018e6        0x6 ./Core/Src/stm32f4xx_it.o
                0x00000000080018e6                BusFault_Handler
 .text.UsageFault_Handler
                0x00000000080018ec        0x6 ./Core/Src/stm32f4xx_it.o
                0x00000000080018ec                UsageFault_Handler
 .text.SVC_Handler
                0x00000000080018f2        0xe ./Core/Src/stm32f4xx_it.o
                0x00000000080018f2                SVC_Handler
 .text.DebugMon_Handler
                0x0000000008001900        0xe ./Core/Src/stm32f4xx_it.o
                0x0000000008001900                DebugMon_Handler
 .text.PendSV_Handler
                0x000000000800190e        0xe ./Core/Src/stm32f4xx_it.o
                0x000000000800190e                PendSV_Handler
 .text.SysTick_Handler
                0x000000000800191c        0xc ./Core/Src/stm32f4xx_it.o
                0x000000000800191c                SysTick_Handler
 .text.ADC_IRQHandler
                0x0000000008001928       0x14 ./Core/Src/stm32f4xx_it.o
                0x0000000008001928                ADC_IRQHandler
 .text.USART1_IRQHandler
                0x000000000800193c       0x14 ./Core/Src/stm32f4xx_it.o
                0x000000000800193c                USART1_IRQHandler
 .text._getpid  0x0000000008001950       0x10 ./Core/Src/syscalls.o
                0x0000000008001950                _getpid
 .text._kill    0x0000000008001960       0x20 ./Core/Src/syscalls.o
                0x0000000008001960                _kill
 .text._exit    0x0000000008001980       0x14 ./Core/Src/syscalls.o
                0x0000000008001980                _exit
 .text._read    0x0000000008001994       0x3a ./Core/Src/syscalls.o
                0x0000000008001994                _read
 .text._write   0x00000000080019ce       0x38 ./Core/Src/syscalls.o
                0x00000000080019ce                _write
 .text._close   0x0000000008001a06       0x18 ./Core/Src/syscalls.o
                0x0000000008001a06                _close
 .text._fstat   0x0000000008001a1e       0x20 ./Core/Src/syscalls.o
                0x0000000008001a1e                _fstat
 .text._isatty  0x0000000008001a3e       0x16 ./Core/Src/syscalls.o
                0x0000000008001a3e                _isatty
 .text._lseek   0x0000000008001a54       0x1a ./Core/Src/syscalls.o
                0x0000000008001a54                _lseek
 *fill*         0x0000000008001a6e        0x2 
 .text._sbrk    0x0000000008001a70       0x6c ./Core/Src/sysmem.o
                0x0000000008001a70                _sbrk
 .text.SystemInit
                0x0000000008001adc       0x24 ./Core/Src/system_stm32f4xx.o
                0x0000000008001adc                SystemInit
 .text.Reset_Handler
                0x0000000008001b00       0x50 ./Core/Startup/startup_stm32f411ceux.o
                0x0000000008001b00                Reset_Handler
 .text.Default_Handler
                0x0000000008001b50        0x2 ./Core/Startup/startup_stm32f411ceux.o
                0x0000000008001b50                RTC_Alarm_IRQHandler
                0x0000000008001b50                EXTI2_IRQHandler
                0x0000000008001b50                SPI4_IRQHandler
                0x0000000008001b50                TIM1_CC_IRQHandler
                0x0000000008001b50                DMA2_Stream5_IRQHandler
                0x0000000008001b50                DMA1_Stream5_IRQHandler
                0x0000000008001b50                PVD_IRQHandler
                0x0000000008001b50                SDIO_IRQHandler
                0x0000000008001b50                TAMP_STAMP_IRQHandler
                0x0000000008001b50                EXTI3_IRQHandler
                0x0000000008001b50                TIM1_UP_TIM10_IRQHandler
                0x0000000008001b50                I2C3_ER_IRQHandler
                0x0000000008001b50                EXTI0_IRQHandler
                0x0000000008001b50                I2C2_EV_IRQHandler
                0x0000000008001b50                DMA1_Stream2_IRQHandler
                0x0000000008001b50                FPU_IRQHandler
                0x0000000008001b50                DMA2_Stream2_IRQHandler
                0x0000000008001b50                SPI1_IRQHandler
                0x0000000008001b50                TIM1_BRK_TIM9_IRQHandler
                0x0000000008001b50                DMA2_Stream3_IRQHandler
                0x0000000008001b50                USART6_IRQHandler
                0x0000000008001b50                DMA2_Stream0_IRQHandler
                0x0000000008001b50                TIM4_IRQHandler
                0x0000000008001b50                I2C1_EV_IRQHandler
                0x0000000008001b50                DMA1_Stream6_IRQHandler
                0x0000000008001b50                DMA1_Stream1_IRQHandler
                0x0000000008001b50                TIM3_IRQHandler
                0x0000000008001b50                RCC_IRQHandler
                0x0000000008001b50                Default_Handler
                0x0000000008001b50                EXTI15_10_IRQHandler
                0x0000000008001b50                DMA1_Stream7_IRQHandler
                0x0000000008001b50                SPI5_IRQHandler
                0x0000000008001b50                TIM5_IRQHandler
                0x0000000008001b50                DMA2_Stream7_IRQHandler
                0x0000000008001b50                I2C3_EV_IRQHandler
                0x0000000008001b50                EXTI9_5_IRQHandler
                0x0000000008001b50                RTC_WKUP_IRQHandler
                0x0000000008001b50                SPI2_IRQHandler
                0x0000000008001b50                DMA1_Stream0_IRQHandler
                0x0000000008001b50                EXTI4_IRQHandler
                0x0000000008001b50                WWDG_IRQHandler
                0x0000000008001b50                TIM2_IRQHandler
                0x0000000008001b50                OTG_FS_WKUP_IRQHandler
                0x0000000008001b50                TIM1_TRG_COM_TIM11_IRQHandler
                0x0000000008001b50                EXTI1_IRQHandler
                0x0000000008001b50                USART2_IRQHandler
                0x0000000008001b50                I2C2_ER_IRQHandler
                0x0000000008001b50                DMA2_Stream1_IRQHandler
                0x0000000008001b50                FLASH_IRQHandler
                0x0000000008001b50                DMA2_Stream4_IRQHandler
                0x0000000008001b50                OTG_FS_IRQHandler
                0x0000000008001b50                SPI3_IRQHandler
                0x0000000008001b50                DMA1_Stream4_IRQHandler
                0x0000000008001b50                I2C1_ER_IRQHandler
                0x0000000008001b50                DMA2_Stream6_IRQHandler
                0x0000000008001b50                DMA1_Stream3_IRQHandler
 *fill*         0x0000000008001b52        0x2 
 .text.HAL_Init
                0x0000000008001b54       0x44 ./Drivers/STM32F4xx_HAL_Driver/Src/stm32f4xx_hal.o
                0x0000000008001b54                HAL_Init
 .text.HAL_InitTick
                0x0000000008001b98       0x60 ./Drivers/STM32F4xx_HAL_Driver/Src/stm32f4xx_hal.o
                0x0000000008001b98                HAL_InitTick
 .text.HAL_IncTick
                0x0000000008001bf8       0x28 ./Drivers/STM32F4xx_HAL_Driver/Src/stm32f4xx_hal.o
                0x0000000008001bf8                HAL_IncTick
 .text.HAL_GetTick
                0x0000000008001c20       0x18 ./Drivers/STM32F4xx_HAL_Driver/Src/stm32f4xx_hal.o
                0x0000000008001c20                HAL_GetTick
 .text.HAL_ADC_Init
                0x0000000008001c38       0x86 ./Drivers/STM32F4xx_HAL_Driver/Src/stm32f4xx_hal_adc.o
                0x0000000008001c38                HAL_ADC_Init
 *fill*         0x0000000008001cbe        0x2 
 .text.HAL_ADC_Start_IT
                0x0000000008001cc0      0x17c ./Drivers/STM32F4xx_HAL_Driver/Src/stm32f4xx_hal_adc.o
                0x0000000008001cc0                HAL_ADC_Start_IT
 .text.HAL_ADC_IRQHandler
                0x0000000008001e3c      0x220 ./Drivers/STM32F4xx_HAL_Driver/Src/stm32f4xx_hal_adc.o
                0x0000000008001e3c                HAL_ADC_IRQHandler
 .text.HAL_ADC_GetValue
                0x000000000800205c       0x1a ./Drivers/STM32F4xx_HAL_Driver/Src/stm32f4xx_hal_adc.o
                0x000000000800205c                HAL_ADC_GetValue
 .text.HAL_ADC_LevelOutOfWindowCallback
                0x0000000008002076       0x14 ./Drivers/STM32F4xx_HAL_Driver/Src/stm32f4xx_hal_adc.o
                0x0000000008002076                HAL_ADC_LevelOutOfWindowCallback
 .text.HAL_ADC_ErrorCallback
                0x000000000800208a       0x14 ./Drivers/STM32F4xx_HAL_Driver/Src/stm32f4xx_hal_adc.o
                0x000000000800208a                HAL_ADC_ErrorCallback
 *fill*         0x000000000800209e        0x2 
 .text.HAL_ADC_ConfigChannel
                0x00000000080020a0      0x264 ./Drivers/STM32F4xx_HAL_Driver/Src/stm32f4xx_hal_adc.o
                0x00000000080020a0                HAL_ADC_ConfigChannel
 .text.ADC_Init
                0x0000000008002304      0x1f8 ./Drivers/STM32F4xx_HAL_Driver/Src/stm32f4xx_hal_adc.o
 .text.HAL_ADCEx_InjectedConvCpltCallback
                0x00000000080024fc       0x14 ./Drivers/STM32F4xx_HAL_Driver/Src/stm32f4xx_hal_adc_ex.o
                0x00000000080024fc                HAL_ADCEx_InjectedConvCpltCallback
 .text.__NVIC_SetPriorityGrouping
                0x0000000008002510       0x48 ./Drivers/STM32F4xx_HAL_Driver/Src/stm32f4xx_hal_cortex.o
 .text.__NVIC_GetPriorityGrouping
                0x0000000008002558       0x1c ./Drivers/STM32F4xx_HAL_Driver/Src/stm32f4xx_hal_cortex.o
 .text.__NVIC_EnableIRQ
                0x0000000008002574       0x3c ./Drivers/STM32F4xx_HAL_Driver/Src/stm32f4xx_hal_cortex.o
 .text.__NVIC_SetPriority
                0x00000000080025b0       0x54 ./Drivers/STM32F4xx_HAL_Driver/Src/stm32f4xx_hal_cortex.o
 .text.NVIC_EncodePriority
                0x0000000008002604       0x66 ./Drivers/STM32F4xx_HAL_Driver/Src/stm32f4xx_hal_cortex.o
 *fill*         0x000000000800266a        0x2 
 .text.SysTick_Config
                0x000000000800266c       0x44 ./Drivers/STM32F4xx_HAL_Driver/Src/stm32f4xx_hal_cortex.o
 .text.HAL_NVIC_SetPriorityGrouping
                0x00000000080026b0       0x16 ./Drivers/STM32F4xx_HAL_Driver/Src/stm32f4xx_hal_cortex.o
                0x00000000080026b0                HAL_NVIC_SetPriorityGrouping
 .text.HAL_NVIC_SetPriority
                0x00000000080026c6       0x38 ./Drivers/STM32F4xx_HAL_Driver/Src/stm32f4xx_hal_cortex.o
                0x00000000080026c6                HAL_NVIC_SetPriority
 .text.HAL_NVIC_EnableIRQ
                0x00000000080026fe       0x1c ./Drivers/STM32F4xx_HAL_Driver/Src/stm32f4xx_hal_cortex.o
                0x00000000080026fe                HAL_NVIC_EnableIRQ
 .text.HAL_SYSTICK_Config
                0x000000000800271a       0x18 ./Drivers/STM32F4xx_HAL_Driver/Src/stm32f4xx_hal_cortex.o
                0x000000000800271a                HAL_SYSTICK_Config
 .text.HAL_CRC_Init
                0x0000000008002732       0x38 ./Drivers/STM32F4xx_HAL_Driver/Src/stm32f4xx_hal_crc.o
                0x0000000008002732                HAL_CRC_Init
 .text.HAL_DMA_Abort
                0x000000000800276a       0xe0 ./Drivers/STM32F4xx_HAL_Driver/Src/stm32f4xx_hal_dma.o
                0x000000000800276a                HAL_DMA_Abort
 .text.HAL_DMA_Abort_IT
                0x000000000800284a       0x44 ./Drivers/STM32F4xx_HAL_Driver/Src/stm32f4xx_hal_dma.o
                0x000000000800284a                HAL_DMA_Abort_IT
 *fill*         0x000000000800288e        0x2 
 .text.HAL_GPIO_Init
                0x0000000008002890      0x308 ./Drivers/STM32F4xx_HAL_Driver/Src/stm32f4xx_hal_gpio.o
                0x0000000008002890                HAL_GPIO_Init
 .text.HAL_RCC_OscConfig
                0x0000000008002b98      0x4f0 ./Drivers/STM32F4xx_HAL_Driver/Src/stm32f4xx_hal_rcc.o
                0x0000000008002b98                HAL_RCC_OscConfig
 .text.HAL_RCC_ClockConfig
                0x0000000008003088      0x1cc ./Drivers/STM32F4xx_HAL_Driver/Src/stm32f4xx_hal_rcc.o
                0x0000000008003088                HAL_RCC_ClockConfig
 .text.HAL_RCC_GetSysClockFreq
                0x0000000008003254      0x18c ./Drivers/STM32F4xx_HAL_Driver/Src/stm32f4xx_hal_rcc.o
                0x0000000008003254                HAL_RCC_GetSysClockFreq
 .text.HAL_RCC_GetHCLKFreq
                0x00000000080033e0       0x18 ./Drivers/STM32F4xx_HAL_Driver/Src/stm32f4xx_hal_rcc.o
                0x00000000080033e0                HAL_RCC_GetHCLKFreq
 .text.HAL_RCC_GetPCLK1Freq
                0x00000000080033f8       0x28 ./Drivers/STM32F4xx_HAL_Driver/Src/stm32f4xx_hal_rcc.o
                0x00000000080033f8                HAL_RCC_GetPCLK1Freq
 .text.HAL_RCC_GetPCLK2Freq
                0x0000000008003420       0x28 ./Drivers/STM32F4xx_HAL_Driver/Src/stm32f4xx_hal_rcc.o
                0x0000000008003420                HAL_RCC_GetPCLK2Freq
 .text.HAL_TIM_Base_Init
                0x0000000008003448       0x9e ./Drivers/STM32F4xx_HAL_Driver/Src/stm32f4xx_hal_tim.o
                0x0000000008003448                HAL_TIM_Base_Init
 *fill*         0x00000000080034e6        0x2 
 .text.HAL_TIM_Base_Start
                0x00000000080034e8       0xb4 ./Drivers/STM32F4xx_HAL_Driver/Src/stm32f4xx_hal_tim.o
                0x00000000080034e8                HAL_TIM_Base_Start
 .text.HAL_TIM_OC_Init
                0x000000000800359c       0x9e ./Drivers/STM32F4xx_HAL_Driver/Src/stm32f4xx_hal_tim.o
                0x000000000800359c                HAL_TIM_OC_Init
 .text.HAL_TIM_OC_MspInit
                0x000000000800363a       0x14 ./Drivers/STM32F4xx_HAL_Driver/Src/stm32f4xx_hal_tim.o
                0x000000000800363a                HAL_TIM_OC_MspInit
 *fill*         0x000000000800364e        0x2 
 .text.HAL_TIM_OC_ConfigChannel
                0x0000000008003650       0xb8 ./Drivers/STM32F4xx_HAL_Driver/Src/stm32f4xx_hal_tim.o
                0x0000000008003650                HAL_TIM_OC_ConfigChannel
 .text.HAL_TIM_ConfigClockSource
                0x0000000008003708      0x18e ./Drivers/STM32F4xx_HAL_Driver/Src/stm32f4xx_hal_tim.o
                0x0000000008003708                HAL_TIM_ConfigClockSource
 *fill*         0x0000000008003896        0x2 
 .text.TIM_Base_SetConfig
                0x0000000008003898      0x100 ./Drivers/STM32F4xx_HAL_Driver/Src/stm32f4xx_hal_tim.o
                0x0000000008003898                TIM_Base_SetConfig
 .text.TIM_OC1_SetConfig
                0x0000000008003998       0xcc ./Drivers/STM32F4xx_HAL_Driver/Src/stm32f4xx_hal_tim.o
 .text.TIM_OC2_SetConfig
                0x0000000008003a64       0xd8 ./Drivers/STM32F4xx_HAL_Driver/Src/stm32f4xx_hal_tim.o
                0x0000000008003a64                TIM_OC2_SetConfig
 .text.TIM_OC3_SetConfig
                0x0000000008003b3c       0xd4 ./Drivers/STM32F4xx_HAL_Driver/Src/stm32f4xx_hal_tim.o
 .text.TIM_OC4_SetConfig
                0x0000000008003c10       0xa0 ./Drivers/STM32F4xx_HAL_Driver/Src/stm32f4xx_hal_tim.o
 .text.TIM_TI1_ConfigInputStage
                0x0000000008003cb0       0x5e ./Drivers/STM32F4xx_HAL_Driver/Src/stm32f4xx_hal_tim.o
 .text.TIM_TI2_ConfigInputStage
                0x0000000008003d0e       0x60 ./Drivers/STM32F4xx_HAL_Driver/Src/stm32f4xx_hal_tim.o
 .text.TIM_ITRx_SetConfig
                0x0000000008003d6e       0x36 ./Drivers/STM32F4xx_HAL_Driver/Src/stm32f4xx_hal_tim.o
 .text.TIM_ETR_SetConfig
                0x0000000008003da4       0x40 ./Drivers/STM32F4xx_HAL_Driver/Src/stm32f4xx_hal_tim.o
                0x0000000008003da4                TIM_ETR_SetConfig
 .text.HAL_TIMEx_MasterConfigSynchronization
                0x0000000008003de4       0xdc ./Drivers/STM32F4xx_HAL_Driver/Src/stm32f4xx_hal_tim_ex.o
                0x0000000008003de4                HAL_TIMEx_MasterConfigSynchronization
 .text.HAL_UART_Init
                0x0000000008003ec0       0x9a ./Drivers/STM32F4xx_HAL_Driver/Src/stm32f4xx_hal_uart.o
                0x0000000008003ec0                HAL_UART_Init
 .text.HAL_UART_Transmit
                0x0000000008003f5a      0x124 ./Drivers/STM32F4xx_HAL_Driver/Src/stm32f4xx_hal_uart.o
                0x0000000008003f5a                HAL_UART_Transmit
 *fill*         0x000000000800407e        0x2 
 .text.HAL_UART_IRQHandler
                0x0000000008004080      0x51c ./Drivers/STM32F4xx_HAL_Driver/Src/stm32f4xx_hal_uart.o
                0x0000000008004080                HAL_UART_IRQHandler
 .text.HAL_UART_TxCpltCallback
                0x000000000800459c       0x14 ./Drivers/STM32F4xx_HAL_Driver/Src/stm32f4xx_hal_uart.o
                0x000000000800459c                HAL_UART_TxCpltCallback
 .text.HAL_UART_RxCpltCallback
                0x00000000080045b0       0x14 ./Drivers/STM32F4xx_HAL_Driver/Src/stm32f4xx_hal_uart.o
                0x00000000080045b0                HAL_UART_RxCpltCallback
 .text.HAL_UART_ErrorCallback
                0x00000000080045c4       0x14 ./Drivers/STM32F4xx_HAL_Driver/Src/stm32f4xx_hal_uart.o
                0x00000000080045c4                HAL_UART_ErrorCallback
 .text.HAL_UARTEx_RxEventCallback
                0x00000000080045d8       0x18 ./Drivers/STM32F4xx_HAL_Driver/Src/stm32f4xx_hal_uart.o
                0x00000000080045d8                HAL_UARTEx_RxEventCallback
 .text.UART_WaitOnFlagUntilTimeout
                0x00000000080045f0       0xdc ./Drivers/STM32F4xx_HAL_Driver/Src/stm32f4xx_hal_uart.o
 .text.UART_EndRxTransfer
                0x00000000080046cc       0xc6 ./Drivers/STM32F4xx_HAL_Driver/Src/stm32f4xx_hal_uart.o
 .text.UART_DMAAbortOnError
                0x0000000008004792       0x28 ./Drivers/STM32F4xx_HAL_Driver/Src/stm32f4xx_hal_uart.o
 .text.UART_Transmit_IT
                0x00000000080047ba       0xa0 ./Drivers/STM32F4xx_HAL_Driver/Src/stm32f4xx_hal_uart.o
 .text.UART_EndTransmit_IT
                0x000000000800485a       0x30 ./Drivers/STM32F4xx_HAL_Driver/Src/stm32f4xx_hal_uart.o
 .text.UART_Receive_IT
                0x000000000800488a      0x176 ./Drivers/STM32F4xx_HAL_Driver/Src/stm32f4xx_hal_uart.o
 .text.UART_SetConfig
                0x0000000008004a00      0x4e8 ./Drivers/STM32F4xx_HAL_Driver/Src/stm32f4xx_hal_uart.o
 .text.network_configure_activations
                0x0000000008004ee8       0xd4 ./X-CUBE-AI/App/network.o
 .text.network_configure_weights
                0x0000000008004fbc      0x118 ./X-CUBE-AI/App/network.o
 .text.ai_network_get_error
                0x00000000080050d4       0x18 ./X-CUBE-AI/App/network.o
                0x00000000080050d4                ai_network_get_error
 .text.ai_network_create
                0x00000000080050ec       0x2c ./X-CUBE-AI/App/network.o
                0x00000000080050ec                ai_network_create
 .text.ai_network_create_and_init
                0x0000000008005118       0xe8 ./X-CUBE-AI/App/network.o
                0x0000000008005118                ai_network_create_and_init
 .text.ai_network_inputs_get
                0x0000000008005200       0x34 ./X-CUBE-AI/App/network.o
                0x0000000008005200                ai_network_inputs_get
 .text.ai_network_outputs_get
                0x0000000008005234       0x34 ./X-CUBE-AI/App/network.o
                0x0000000008005234                ai_network_outputs_get
 .text.ai_network_init
                0x0000000008005268       0x78 ./X-CUBE-AI/App/network.o
                0x0000000008005268                ai_network_init
 .text.ai_network_run
                0x00000000080052e0       0x20 ./X-CUBE-AI/App/network.o
                0x00000000080052e0                ai_network_run
 .text.ai_network_data_params_get
                0x0000000008005300       0x50 ./X-CUBE-AI/App/network_data.o
                0x0000000008005300                ai_network_data_params_get
 .text.ai_buffer_get_size
                0x0000000008005350       0x68 ../Middlewares/ST/AI/Lib\NetworkRuntime730_CM4_GCC.a(ai_platform.o)
                0x0000000008005350                ai_buffer_get_size
 .text.ai_buffer_array_sane
                0x00000000080053b8       0x14 ../Middlewares/ST/AI/Lib\NetworkRuntime730_CM4_GCC.a(ai_platform.o)
                0x00000000080053b8                ai_buffer_array_sane
 .text.ai_buffer_array_item_set_address
                0x00000000080053cc       0x20 ../Middlewares/ST/AI/Lib\NetworkRuntime730_CM4_GCC.a(ai_platform.o)
                0x00000000080053cc                ai_buffer_array_item_set_address
 .text._ai_platform_acquire_crc
                0x00000000080053ec        0x4 ../Middlewares/ST/AI/Lib\NetworkRuntime730_CM4_GCC.a(ai_platform_interface.o)
                0x00000000080053ec                _ai_platform_acquire_crc
 .text._ai_platform_release_crc
                0x00000000080053f0        0x4 ../Middlewares/ST/AI/Lib\NetworkRuntime730_CM4_GCC.a(ai_platform_interface.o)
                0x00000000080053f0                _ai_platform_release_crc
 .text.ai_platform_get_weights_map
                0x00000000080053f4       0xa8 ../Middlewares/ST/AI/Lib\NetworkRuntime730_CM4_GCC.a(ai_platform_interface.o)
                0x00000000080053f4                ai_platform_get_weights_map
 .text.ai_platform_get_activations_map
                0x000000000800549c       0xa8 ../Middlewares/ST/AI/Lib\NetworkRuntime730_CM4_GCC.a(ai_platform_interface.o)
                0x000000000800549c                ai_platform_get_activations_map
 .text.ai_platform_bind_network_params
                0x0000000008005544       0x44 ../Middlewares/ST/AI/Lib\NetworkRuntime730_CM4_GCC.a(ai_platform_interface.o)
                0x0000000008005544                ai_platform_bind_network_params
 .text.ai_platform_network_get_error
                0x0000000008005588       0xdc ../Middlewares/ST/AI/Lib\NetworkRuntime730_CM4_GCC.a(ai_platform_interface.o)
                0x0000000008005588                ai_platform_network_get_error
 .text.ai_platform_network_set_error
                0x0000000008005664        0xc ../Middlewares/ST/AI/Lib\NetworkRuntime730_CM4_GCC.a(ai_platform_interface.o)
                0x0000000008005664                ai_platform_network_set_error
 .text.ai_platform_inputs_get
                0x0000000008005670      0x1ac ../Middlewares/ST/AI/Lib\NetworkRuntime730_CM4_GCC.a(ai_platform_interface.o)
                0x0000000008005670                ai_platform_inputs_get
 .text.ai_platform_outputs_get
                0x000000000800581c      0x1a0 ../Middlewares/ST/AI/Lib\NetworkRuntime730_CM4_GCC.a(ai_platform_interface.o)
                0x000000000800581c                ai_platform_outputs_get
 .text.ai_platform_network_create
                0x00000000080059bc      0x1ac ../Middlewares/ST/AI/Lib\NetworkRuntime730_CM4_GCC.a(ai_platform_interface.o)
                0x00000000080059bc                ai_platform_network_create
 .text.ai_platform_network_init
                0x0000000008005b68      0x1dc ../Middlewares/ST/AI/Lib\NetworkRuntime730_CM4_GCC.a(ai_platform_interface.o)
                0x0000000008005b68                ai_platform_network_init
 .text.ai_platform_network_post_init
                0x0000000008005d44      0x110 ../Middlewares/ST/AI/Lib\NetworkRuntime730_CM4_GCC.a(ai_platform_interface.o)
                0x0000000008005d44                ai_platform_network_post_init
 .text.ai_platform_network_process
                0x0000000008005e54      0x50c ../Middlewares/ST/AI/Lib\NetworkRuntime730_CM4_GCC.a(ai_platform_interface.o)
                0x0000000008005e54                ai_platform_network_process
 .text.core_init
                0x0000000008006360        0x4 ../Middlewares/ST/AI/Lib\NetworkRuntime730_CM4_GCC.a(core_common.o)
                0x0000000008006360                core_init
 .text.core_get_error
                0x0000000008006364        0xc ../Middlewares/ST/AI/Lib\NetworkRuntime730_CM4_GCC.a(core_common.o)
                0x0000000008006364                core_get_error
 .text.core_set_error
                0x0000000008006370       0x18 ../Middlewares/ST/AI/Lib\NetworkRuntime730_CM4_GCC.a(core_common.o)
                0x0000000008006370                core_set_error
 .text.func_dummy
                0x0000000008006388        0x4 ../Middlewares/ST/AI/Lib\NetworkRuntime730_CM4_GCC.a(layers_conv2d_generic_float.o)
 .text.ai_conv2d_stripe_f32.constprop.0
                0x000000000800638c      0xa70 ../Middlewares/ST/AI/Lib\NetworkRuntime730_CM4_GCC.a(layers_conv2d_generic_float.o)
 .text.ai_dict_decompress_f32
                0x0000000008006dfc       0xa0 ../Middlewares/ST/AI/Lib\NetworkRuntime730_CM4_GCC.a(layers_conv2d_generic_float.o)
                0x0000000008006dfc                ai_dict_decompress_f32
 .text.forward_conv2d
                0x0000000008006e9c      0x2d8 ../Middlewares/ST/AI/Lib\NetworkRuntime730_CM4_GCC.a(layers_conv2d_generic_float.o)
                0x0000000008006e9c                forward_conv2d
 .text.forward_conv2d_nl_pool
                0x0000000008007174      0x4e4 ../Middlewares/ST/AI/Lib\NetworkRuntime730_CM4_GCC.a(layers_conv2d_generic_float.o)
                0x0000000008007174                forward_conv2d_nl_pool
 .text.forward_dense
                0x0000000008007658      0x54c ../Middlewares/ST/AI/Lib\NetworkRuntime730_CM4_GCC.a(layers_conv2d_generic_float.o)
                0x0000000008007658                forward_dense
 .text.pool_func_ap_array_f32
                0x0000000008007ba4      0x4c8 ../Middlewares/ST/AI/Lib\NetworkRuntime730_CM4_GCC.a(layers_pool_generic_float.o)
                0x0000000008007ba4                pool_func_ap_array_f32
 .text.nl_func_relu_array_f32
                0x000000000800806c       0x4c ../Middlewares/ST/AI/Lib\NetworkRuntime730_CM4_GCC.a(layers_nl_generic_float.o)
                0x000000000800806c                nl_func_relu_array_f32
 .text.forward_sm
                0x00000000080080b8      0x11c ../Middlewares/ST/AI/Lib\NetworkRuntime730_CM4_GCC.a(layers_nl_generic_float.o)
                0x00000000080080b8                forward_sm
 .text.forward_upsample
                0x00000000080081d4      0x390 ../Middlewares/ST/AI/Lib\NetworkRuntime730_CM4_GCC.a(layers_generic_float.o)
                0x00000000080081d4                forward_upsample
 .text.ai_check_custom_types
                0x0000000008008564       0x54 ../Middlewares/ST/AI/Lib\NetworkRuntime730_CM4_GCC.a(layers.o)
                0x0000000008008564                ai_check_custom_types
 .text.ai_layers_init_all
                0x00000000080085b8       0x1c ../Middlewares/ST/AI/Lib\NetworkRuntime730_CM4_GCC.a(layers.o)
                0x00000000080085b8                ai_layers_init_all
 .text.ai_layers_post_init_all
                0x00000000080085d4       0x28 ../Middlewares/ST/AI/Lib\NetworkRuntime730_CM4_GCC.a(layers.o)
                0x00000000080085d4                ai_layers_post_init_all
 .text.ai_layers_forward_all
                0x00000000080085fc       0x94 ../Middlewares/ST/AI/Lib\NetworkRuntime730_CM4_GCC.a(layers.o)
                0x00000000080085fc                ai_layers_forward_all
 .text.lite_dense_if32of32wf32
                0x0000000008008690      0x248 ../Middlewares/ST/AI/Lib\NetworkRuntime730_CM4_GCC.a(lite_dense_if32.o)
                0x0000000008008690                lite_dense_if32of32wf32
 .text.ai_version_get
                0x00000000080088d8        0xc ../Middlewares/ST/AI/Lib\NetworkRuntime730_CM4_GCC.a(ai_datatypes_internal.o)
                0x00000000080088d8                ai_version_get
 .text.get_tensor_byte_size
                0x00000000080088e4       0x30 ../Middlewares/ST/AI/Lib\NetworkRuntime730_CM4_GCC.a(ai_datatypes_internal.o)
                0x00000000080088e4                get_tensor_byte_size
 .text.ai_array_to_buffer_fmt
                0x0000000008008914       0xd8 ../Middlewares/ST/AI/Lib\NetworkRuntime730_CM4_GCC.a(ai_datatypes_format.o)
                0x0000000008008914                ai_array_to_buffer_fmt
 .text.ai_array_get_byte_size
                0x00000000080089ec       0x50 ../Middlewares/ST/AI/Lib\NetworkRuntime730_CM4_GCC.a(ai_datatypes_format.o)
                0x00000000080089ec                ai_array_get_byte_size
 .text.ai_array_get_data_byte_size
                0x0000000008008a3c       0x24 ../Middlewares/ST/AI/Lib\NetworkRuntime730_CM4_GCC.a(ai_datatypes_format.o)
                0x0000000008008a3c                ai_array_get_data_byte_size
 .text.arm_cfft_radix4_init_f32
                0x0000000008008a60       0xbc ../Middlewares/ST/ARM/DSP/Lib\libarm_cortexM4lf_math.a(arm_cfft_radix4_init_f32.o)
                0x0000000008008a60                arm_cfft_radix4_init_f32
 .text.arm_radix4_butterfly_f32
                0x0000000008008b1c      0x354 ../Middlewares/ST/ARM/DSP/Lib\libarm_cortexM4lf_math.a(arm_cfft_radix4_f32.o)
                0x0000000008008b1c                arm_radix4_butterfly_f32
 .text.arm_radix4_butterfly_inverse_f32
                0x0000000008008e70      0x378 ../Middlewares/ST/ARM/DSP/Lib\libarm_cortexM4lf_math.a(arm_cfft_radix4_f32.o)
                0x0000000008008e70                arm_radix4_butterfly_inverse_f32
 .text.arm_cfft_radix4_f32
                0x00000000080091e8       0x40 ../Middlewares/ST/ARM/DSP/Lib\libarm_cortexM4lf_math.a(arm_cfft_radix4_f32.o)
                0x00000000080091e8                arm_cfft_radix4_f32
 .text.arm_bitreversal_f32
                0x0000000008009228       0xe0 ../Middlewares/ST/ARM/DSP/Lib\libarm_cortexM4lf_math.a(arm_bitreversal.o)
                0x0000000008009228                arm_bitreversal_f32
 .text.arm_cmplx_mag_f32
                0x0000000008009308      0x248 ../Middlewares/ST/ARM/DSP/Lib\libarm_cortexM4lf_math.a(arm_cmplx_mag_f32.o)
                0x0000000008009308                arm_cmplx_mag_f32
 .text.malloc   0x0000000008009550       0x10 D:/STM/STM32CubeIDE_1.13.2/STM32CubeIDE/plugins/com.st.stm32cube.ide.mcu.externaltools.gnu-tools-for-stm32.11.3.rel1.win32_1.1.1.202309131626/tools/bin/../lib/gcc/arm-none-eabi/11.3.1/../../../../arm-none-eabi/lib/thumb/v7e-m+fp/hard\libc_nano.a(libc_a-malloc.o)
                0x0000000008009550                malloc
 .text.sbrk_aligned
                0x0000000008009560       0x40 D:/STM/STM32CubeIDE_1.13.2/STM32CubeIDE/plugins/com.st.stm32cube.ide.mcu.externaltools.gnu-tools-for-stm32.11.3.rel1.win32_1.1.1.202309131626/tools/bin/../lib/gcc/arm-none-eabi/11.3.1/../../../../arm-none-eabi/lib/thumb/v7e-m+fp/hard\libc_nano.a(libc_a-mallocr.o)
 .text._malloc_r
                0x00000000080095a0      0x100 D:/STM/STM32CubeIDE_1.13.2/STM32CubeIDE/plugins/com.st.stm32cube.ide.mcu.externaltools.gnu-tools-for-stm32.11.3.rel1.win32_1.1.1.202309131626/tools/bin/../lib/gcc/arm-none-eabi/11.3.1/../../../../arm-none-eabi/lib/thumb/v7e-m+fp/hard\libc_nano.a(libc_a-mallocr.o)
                0x00000000080095a0                _malloc_r
 .text.__malloc_lock
                0x00000000080096a0        0xc D:/STM/STM32CubeIDE_1.13.2/STM32CubeIDE/plugins/com.st.stm32cube.ide.mcu.externaltools.gnu-tools-for-stm32.11.3.rel1.win32_1.1.1.202309131626/tools/bin/../lib/gcc/arm-none-eabi/11.3.1/../../../../arm-none-eabi/lib/thumb/v7e-m+fp/hard\libc_nano.a(libc_a-mlock.o)
                0x00000000080096a0                __malloc_lock
 .text.__malloc_unlock
                0x00000000080096ac        0xc D:/STM/STM32CubeIDE_1.13.2/STM32CubeIDE/plugins/com.st.stm32cube.ide.mcu.externaltools.gnu-tools-for-stm32.11.3.rel1.win32_1.1.1.202309131626/tools/bin/../lib/gcc/arm-none-eabi/11.3.1/../../../../arm-none-eabi/lib/thumb/v7e-m+fp/hard\libc_nano.a(libc_a-mlock.o)
                0x00000000080096ac                __malloc_unlock
 .text._realloc_r
                0x00000000080096b8       0x5e D:/STM/STM32CubeIDE_1.13.2/STM32CubeIDE/plugins/com.st.stm32cube.ide.mcu.externaltools.gnu-tools-for-stm32.11.3.rel1.win32_1.1.1.202309131626/tools/bin/../lib/gcc/arm-none-eabi/11.3.1/../../../../arm-none-eabi/lib/thumb/v7e-m+fp/hard\libc_nano.a(libc_a-reallocr.o)
                0x00000000080096b8                _realloc_r
 .text.__cvt    0x0000000008009716       0xc4 D:/STM/STM32CubeIDE_1.13.2/STM32CubeIDE/plugins/com.st.stm32cube.ide.mcu.externaltools.gnu-tools-for-stm32.11.3.rel1.win32_1.1.1.202309131626/tools/bin/../lib/gcc/arm-none-eabi/11.3.1/../../../../arm-none-eabi/lib/thumb/v7e-m+fp/hard\libc_nano.a(libc_a-nano-vfprintf_float.o)
                0x0000000008009716                __cvt
 .text.__exponent
                0x00000000080097da       0x7c D:/STM/STM32CubeIDE_1.13.2/STM32CubeIDE/plugins/com.st.stm32cube.ide.mcu.externaltools.gnu-tools-for-stm32.11.3.rel1.win32_1.1.1.202309131626/tools/bin/../lib/gcc/arm-none-eabi/11.3.1/../../../../arm-none-eabi/lib/thumb/v7e-m+fp/hard\libc_nano.a(libc_a-nano-vfprintf_float.o)
                0x00000000080097da                __exponent
 *fill*         0x0000000008009856        0x2 
 .text._printf_float
                0x0000000008009858      0x46c D:/STM/STM32CubeIDE_1.13.2/STM32CubeIDE/plugins/com.st.stm32cube.ide.mcu.externaltools.gnu-tools-for-stm32.11.3.rel1.win32_1.1.1.202309131626/tools/bin/../lib/gcc/arm-none-eabi/11.3.1/../../../../arm-none-eabi/lib/thumb/v7e-m+fp/hard\libc_nano.a(libc_a-nano-vfprintf_float.o)
                0x0000000008009858                _printf_float
 .text._printf_common
                0x0000000008009cc4       0xda D:/STM/STM32CubeIDE_1.13.2/STM32CubeIDE/plugins/com.st.stm32cube.ide.mcu.externaltools.gnu-tools-for-stm32.11.3.rel1.win32_1.1.1.202309131626/tools/bin/../lib/gcc/arm-none-eabi/11.3.1/../../../../arm-none-eabi/lib/thumb/v7e-m+fp/hard\libc_nano.a(libc_a-nano-vfprintf_i.o)
                0x0000000008009cc4                _printf_common
 *fill*         0x0000000008009d9e        0x2 
 .text._printf_i
                0x0000000008009da0      0x244 D:/STM/STM32CubeIDE_1.13.2/STM32CubeIDE/plugins/com.st.stm32cube.ide.mcu.externaltools.gnu-tools-for-stm32.11.3.rel1.win32_1.1.1.202309131626/tools/bin/../lib/gcc/arm-none-eabi/11.3.1/../../../../arm-none-eabi/lib/thumb/v7e-m+fp/hard\libc_nano.a(libc_a-nano-vfprintf_i.o)
                0x0000000008009da0                _printf_i
 .text._scanf_float
                0x0000000008009fe4      0x420 D:/STM/STM32CubeIDE_1.13.2/STM32CubeIDE/plugins/com.st.stm32cube.ide.mcu.externaltools.gnu-tools-for-stm32.11.3.rel1.win32_1.1.1.202309131626/tools/bin/../lib/gcc/arm-none-eabi/11.3.1/../../../../arm-none-eabi/lib/thumb/v7e-m+fp/hard\libc_nano.a(libc_a-nano-vfscanf_float.o)
                0x0000000008009fe4                _scanf_float
 .text.std      0x000000000800a404       0x6c D:/STM/STM32CubeIDE_1.13.2/STM32CubeIDE/plugins/com.st.stm32cube.ide.mcu.externaltools.gnu-tools-for-stm32.11.3.rel1.win32_1.1.1.202309131626/tools/bin/../lib/gcc/arm-none-eabi/11.3.1/../../../../arm-none-eabi/lib/thumb/v7e-m+fp/hard\libc_nano.a(libc_a-findfp.o)
 .text.stdio_exit_handler
                0x000000000800a470       0x18 D:/STM/STM32CubeIDE_1.13.2/STM32CubeIDE/plugins/com.st.stm32cube.ide.mcu.externaltools.gnu-tools-for-stm32.11.3.rel1.win32_1.1.1.202309131626/tools/bin/../lib/gcc/arm-none-eabi/11.3.1/../../../../arm-none-eabi/lib/thumb/v7e-m+fp/hard\libc_nano.a(libc_a-findfp.o)
 .text.cleanup_stdio
                0x000000000800a488       0x40 D:/STM/STM32CubeIDE_1.13.2/STM32CubeIDE/plugins/com.st.stm32cube.ide.mcu.externaltools.gnu-tools-for-stm32.11.3.rel1.win32_1.1.1.202309131626/tools/bin/../lib/gcc/arm-none-eabi/11.3.1/../../../../arm-none-eabi/lib/thumb/v7e-m+fp/hard\libc_nano.a(libc_a-findfp.o)
 .text.global_stdio_init.part.0
                0x000000000800a4c8       0x3c D:/STM/STM32CubeIDE_1.13.2/STM32CubeIDE/plugins/com.st.stm32cube.ide.mcu.externaltools.gnu-tools-for-stm32.11.3.rel1.win32_1.1.1.202309131626/tools/bin/../lib/gcc/arm-none-eabi/11.3.1/../../../../arm-none-eabi/lib/thumb/v7e-m+fp/hard\libc_nano.a(libc_a-findfp.o)
 .text.__sfp_lock_acquire
                0x000000000800a504        0xc D:/STM/STM32CubeIDE_1.13.2/STM32CubeIDE/plugins/com.st.stm32cube.ide.mcu.externaltools.gnu-tools-for-stm32.11.3.rel1.win32_1.1.1.202309131626/tools/bin/../lib/gcc/arm-none-eabi/11.3.1/../../../../arm-none-eabi/lib/thumb/v7e-m+fp/hard\libc_nano.a(libc_a-findfp.o)
                0x000000000800a504                __sfp_lock_acquire
 .text.__sfp_lock_release
                0x000000000800a510        0xc D:/STM/STM32CubeIDE_1.13.2/STM32CubeIDE/plugins/com.st.stm32cube.ide.mcu.externaltools.gnu-tools-for-stm32.11.3.rel1.win32_1.1.1.202309131626/tools/bin/../lib/gcc/arm-none-eabi/11.3.1/../../../../arm-none-eabi/lib/thumb/v7e-m+fp/hard\libc_nano.a(libc_a-findfp.o)
                0x000000000800a510                __sfp_lock_release
 .text.__sinit  0x000000000800a51c       0x30 D:/STM/STM32CubeIDE_1.13.2/STM32CubeIDE/plugins/com.st.stm32cube.ide.mcu.externaltools.gnu-tools-for-stm32.11.3.rel1.win32_1.1.1.202309131626/tools/bin/../lib/gcc/arm-none-eabi/11.3.1/../../../../arm-none-eabi/lib/thumb/v7e-m+fp/hard\libc_nano.a(libc_a-findfp.o)
                0x000000000800a51c                __sinit
 .text._fwalk_sglue
                0x000000000800a54c       0x3c D:/STM/STM32CubeIDE_1.13.2/STM32CubeIDE/plugins/com.st.stm32cube.ide.mcu.externaltools.gnu-tools-for-stm32.11.3.rel1.win32_1.1.1.202309131626/tools/bin/../lib/gcc/arm-none-eabi/11.3.1/../../../../arm-none-eabi/lib/thumb/v7e-m+fp/hard\libc_nano.a(libc_a-fwalk.o)
                0x000000000800a54c                _fwalk_sglue
 .text.sprintf  0x000000000800a588       0x40 D:/STM/STM32CubeIDE_1.13.2/STM32CubeIDE/plugins/com.st.stm32cube.ide.mcu.externaltools.gnu-tools-for-stm32.11.3.rel1.win32_1.1.1.202309131626/tools/bin/../lib/gcc/arm-none-eabi/11.3.1/../../../../arm-none-eabi/lib/thumb/v7e-m+fp/hard\libc_nano.a(libc_a-sprintf.o)
                0x000000000800a588                siprintf
                0x000000000800a588                sprintf
 .text.__sread  0x000000000800a5c8       0x22 D:/STM/STM32CubeIDE_1.13.2/STM32CubeIDE/plugins/com.st.stm32cube.ide.mcu.externaltools.gnu-tools-for-stm32.11.3.rel1.win32_1.1.1.202309131626/tools/bin/../lib/gcc/arm-none-eabi/11.3.1/../../../../arm-none-eabi/lib/thumb/v7e-m+fp/hard\libc_nano.a(libc_a-stdio.o)
                0x000000000800a5c8                __sread
 .text.__swrite
                0x000000000800a5ea       0x38 D:/STM/STM32CubeIDE_1.13.2/STM32CubeIDE/plugins/com.st.stm32cube.ide.mcu.externaltools.gnu-tools-for-stm32.11.3.rel1.win32_1.1.1.202309131626/tools/bin/../lib/gcc/arm-none-eabi/11.3.1/../../../../arm-none-eabi/lib/thumb/v7e-m+fp/hard\libc_nano.a(libc_a-stdio.o)
                0x000000000800a5ea                __swrite
 .text.__sseek  0x000000000800a622       0x24 D:/STM/STM32CubeIDE_1.13.2/STM32CubeIDE/plugins/com.st.stm32cube.ide.mcu.externaltools.gnu-tools-for-stm32.11.3.rel1.win32_1.1.1.202309131626/tools/bin/../lib/gcc/arm-none-eabi/11.3.1/../../../../arm-none-eabi/lib/thumb/v7e-m+fp/hard\libc_nano.a(libc_a-stdio.o)
                0x000000000800a622                __sseek
 .text.__sclose
                0x000000000800a646        0x8 D:/STM/STM32CubeIDE_1.13.2/STM32CubeIDE/plugins/com.st.stm32cube.ide.mcu.externaltools.gnu-tools-for-stm32.11.3.rel1.win32_1.1.1.202309131626/tools/bin/../lib/gcc/arm-none-eabi/11.3.1/../../../../arm-none-eabi/lib/thumb/v7e-m+fp/hard\libc_nano.a(libc_a-stdio.o)
                0x000000000800a646                __sclose
 .text.memmove  0x000000000800a64e       0x34 D:/STM/STM32CubeIDE_1.13.2/STM32CubeIDE/plugins/com.st.stm32cube.ide.mcu.externaltools.gnu-tools-for-stm32.11.3.rel1.win32_1.1.1.202309131626/tools/bin/../lib/gcc/arm-none-eabi/11.3.1/../../../../arm-none-eabi/lib/thumb/v7e-m+fp/hard\libc_nano.a(libc_a-memmove.o)
                0x000000000800a64e                memmove
 .text.memset   0x000000000800a682       0x10 D:/STM/STM32CubeIDE_1.13.2/STM32CubeIDE/plugins/com.st.stm32cube.ide.mcu.externaltools.gnu-tools-for-stm32.11.3.rel1.win32_1.1.1.202309131626/tools/bin/../lib/gcc/arm-none-eabi/11.3.1/../../../../arm-none-eabi/lib/thumb/v7e-m+fp/hard\libc_nano.a(libc_a-memset.o)
                0x000000000800a682                memset
 *fill*         0x000000000800a692        0x2 
 .text._localeconv_r
                0x000000000800a694        0x8 D:/STM/STM32CubeIDE_1.13.2/STM32CubeIDE/plugins/com.st.stm32cube.ide.mcu.externaltools.gnu-tools-for-stm32.11.3.rel1.win32_1.1.1.202309131626/tools/bin/../lib/gcc/arm-none-eabi/11.3.1/../../../../arm-none-eabi/lib/thumb/v7e-m+fp/hard\libc_nano.a(libc_a-localeconv.o)
                0x000000000800a694                _localeconv_r
 .text._close_r
                0x000000000800a69c       0x20 D:/STM/STM32CubeIDE_1.13.2/STM32CubeIDE/plugins/com.st.stm32cube.ide.mcu.externaltools.gnu-tools-for-stm32.11.3.rel1.win32_1.1.1.202309131626/tools/bin/../lib/gcc/arm-none-eabi/11.3.1/../../../../arm-none-eabi/lib/thumb/v7e-m+fp/hard\libc_nano.a(libc_a-closer.o)
                0x000000000800a69c                _close_r
 .text._lseek_r
                0x000000000800a6bc       0x24 D:/STM/STM32CubeIDE_1.13.2/STM32CubeIDE/plugins/com.st.stm32cube.ide.mcu.externaltools.gnu-tools-for-stm32.11.3.rel1.win32_1.1.1.202309131626/tools/bin/../lib/gcc/arm-none-eabi/11.3.1/../../../../arm-none-eabi/lib/thumb/v7e-m+fp/hard\libc_nano.a(libc_a-lseekr.o)
                0x000000000800a6bc                _lseek_r
 .text._read_r  0x000000000800a6e0       0x24 D:/STM/STM32CubeIDE_1.13.2/STM32CubeIDE/plugins/com.st.stm32cube.ide.mcu.externaltools.gnu-tools-for-stm32.11.3.rel1.win32_1.1.1.202309131626/tools/bin/../lib/gcc/arm-none-eabi/11.3.1/../../../../arm-none-eabi/lib/thumb/v7e-m+fp/hard\libc_nano.a(libc_a-readr.o)
                0x000000000800a6e0                _read_r
 .text._sbrk_r  0x000000000800a704       0x20 D:/STM/STM32CubeIDE_1.13.2/STM32CubeIDE/plugins/com.st.stm32cube.ide.mcu.externaltools.gnu-tools-for-stm32.11.3.rel1.win32_1.1.1.202309131626/tools/bin/../lib/gcc/arm-none-eabi/11.3.1/../../../../arm-none-eabi/lib/thumb/v7e-m+fp/hard\libc_nano.a(libc_a-sbrkr.o)
                0x000000000800a704                _sbrk_r
 .text._write_r
                0x000000000800a724       0x24 D:/STM/STM32CubeIDE_1.13.2/STM32CubeIDE/plugins/com.st.stm32cube.ide.mcu.externaltools.gnu-tools-for-stm32.11.3.rel1.win32_1.1.1.202309131626/tools/bin/../lib/gcc/arm-none-eabi/11.3.1/../../../../arm-none-eabi/lib/thumb/v7e-m+fp/hard\libc_nano.a(libc_a-writer.o)
                0x000000000800a724                _write_r
 .text.__errno  0x000000000800a748        0xc D:/STM/STM32CubeIDE_1.13.2/STM32CubeIDE/plugins/com.st.stm32cube.ide.mcu.externaltools.gnu-tools-for-stm32.11.3.rel1.win32_1.1.1.202309131626/tools/bin/../lib/gcc/arm-none-eabi/11.3.1/../../../../arm-none-eabi/lib/thumb/v7e-m+fp/hard\libc_nano.a(libc_a-errno.o)
                0x000000000800a748                __errno
 .text.__libc_init_array
                0x000000000800a754       0x48 D:/STM/STM32CubeIDE_1.13.2/STM32CubeIDE/plugins/com.st.stm32cube.ide.mcu.externaltools.gnu-tools-for-stm32.11.3.rel1.win32_1.1.1.202309131626/tools/bin/../lib/gcc/arm-none-eabi/11.3.1/../../../../arm-none-eabi/lib/thumb/v7e-m+fp/hard\libc_nano.a(libc_a-init.o)
                0x000000000800a754                __libc_init_array
 .text.__retarget_lock_init_recursive
                0x000000000800a79c        0x2 D:/STM/STM32CubeIDE_1.13.2/STM32CubeIDE/plugins/com.st.stm32cube.ide.mcu.externaltools.gnu-tools-for-stm32.11.3.rel1.win32_1.1.1.202309131626/tools/bin/../lib/gcc/arm-none-eabi/11.3.1/../../../../arm-none-eabi/lib/thumb/v7e-m+fp/hard\libc_nano.a(libc_a-lock.o)
                0x000000000800a79c                __retarget_lock_init_recursive
 .text.__retarget_lock_acquire_recursive
                0x000000000800a79e        0x2 D:/STM/STM32CubeIDE_1.13.2/STM32CubeIDE/plugins/com.st.stm32cube.ide.mcu.externaltools.gnu-tools-for-stm32.11.3.rel1.win32_1.1.1.202309131626/tools/bin/../lib/gcc/arm-none-eabi/11.3.1/../../../../arm-none-eabi/lib/thumb/v7e-m+fp/hard\libc_nano.a(libc_a-lock.o)
                0x000000000800a79e                __retarget_lock_acquire_recursive
 .text.__retarget_lock_release_recursive
                0x000000000800a7a0        0x2 D:/STM/STM32CubeIDE_1.13.2/STM32CubeIDE/plugins/com.st.stm32cube.ide.mcu.externaltools.gnu-tools-for-stm32.11.3.rel1.win32_1.1.1.202309131626/tools/bin/../lib/gcc/arm-none-eabi/11.3.1/../../../../arm-none-eabi/lib/thumb/v7e-m+fp/hard\libc_nano.a(libc_a-lock.o)
                0x000000000800a7a0                __retarget_lock_release_recursive
 .text.memcpy   0x000000000800a7a2       0x1c D:/STM/STM32CubeIDE_1.13.2/STM32CubeIDE/plugins/com.st.stm32cube.ide.mcu.externaltools.gnu-tools-for-stm32.11.3.rel1.win32_1.1.1.202309131626/tools/bin/../lib/gcc/arm-none-eabi/11.3.1/../../../../arm-none-eabi/lib/thumb/v7e-m+fp/hard\libc_nano.a(libc_a-memcpy-stub.o)
                0x000000000800a7a2                memcpy
 *fill*         0x000000000800a7be        0x2 
 .text.nanf     0x000000000800a7c0        0xc D:/STM/STM32CubeIDE_1.13.2/STM32CubeIDE/plugins/com.st.stm32cube.ide.mcu.externaltools.gnu-tools-for-stm32.11.3.rel1.win32_1.1.1.202309131626/tools/bin/../lib/gcc/arm-none-eabi/11.3.1/../../../../arm-none-eabi/lib/thumb/v7e-m+fp/hard\libc_nano.a(libm_a-sf_nan.o)
                0x000000000800a7c0                nanf
 .text.quorem   0x000000000800a7cc      0x110 D:/STM/STM32CubeIDE_1.13.2/STM32CubeIDE/plugins/com.st.stm32cube.ide.mcu.externaltools.gnu-tools-for-stm32.11.3.rel1.win32_1.1.1.202309131626/tools/bin/../lib/gcc/arm-none-eabi/11.3.1/../../../../arm-none-eabi/lib/thumb/v7e-m+fp/hard\libc_nano.a(libc_a-dtoa.o)
 *fill*         0x000000000800a8dc        0x4 
 .text._dtoa_r  0x000000000800a8e0      0xbe4 D:/STM/STM32CubeIDE_1.13.2/STM32CubeIDE/plugins/com.st.stm32cube.ide.mcu.externaltools.gnu-tools-for-stm32.11.3.rel1.win32_1.1.1.202309131626/tools/bin/../lib/gcc/arm-none-eabi/11.3.1/../../../../arm-none-eabi/lib/thumb/v7e-m+fp/hard\libc_nano.a(libc_a-dtoa.o)
                0x000000000800a8e0                _dtoa_r
 .text._free_r  0x000000000800b4c4       0x98 D:/STM/STM32CubeIDE_1.13.2/STM32CubeIDE/plugins/com.st.stm32cube.ide.mcu.externaltools.gnu-tools-for-stm32.11.3.rel1.win32_1.1.1.202309131626/tools/bin/../lib/gcc/arm-none-eabi/11.3.1/../../../../arm-none-eabi/lib/thumb/v7e-m+fp/hard\libc_nano.a(libc_a-freer.o)
                0x000000000800b4c4                _free_r
 .text._Balloc  0x000000000800b55c       0x80 D:/STM/STM32CubeIDE_1.13.2/STM32CubeIDE/plugins/com.st.stm32cube.ide.mcu.externaltools.gnu-tools-for-stm32.11.3.rel1.win32_1.1.1.202309131626/tools/bin/../lib/gcc/arm-none-eabi/11.3.1/../../../../arm-none-eabi/lib/thumb/v7e-m+fp/hard\libc_nano.a(libc_a-mprec.o)
                0x000000000800b55c                _Balloc
 .text._Bfree   0x000000000800b5dc       0x44 D:/STM/STM32CubeIDE_1.13.2/STM32CubeIDE/plugins/com.st.stm32cube.ide.mcu.externaltools.gnu-tools-for-stm32.11.3.rel1.win32_1.1.1.202309131626/tools/bin/../lib/gcc/arm-none-eabi/11.3.1/../../../../arm-none-eabi/lib/thumb/v7e-m+fp/hard\libc_nano.a(libc_a-mprec.o)
                0x000000000800b5dc                _Bfree
 .text.__multadd
                0x000000000800b620       0x8c D:/STM/STM32CubeIDE_1.13.2/STM32CubeIDE/plugins/com.st.stm32cube.ide.mcu.externaltools.gnu-tools-for-stm32.11.3.rel1.win32_1.1.1.202309131626/tools/bin/../lib/gcc/arm-none-eabi/11.3.1/../../../../arm-none-eabi/lib/thumb/v7e-m+fp/hard\libc_nano.a(libc_a-mprec.o)
                0x000000000800b620                __multadd
 .text.__s2b    0x000000000800b6ac       0x94 D:/STM/STM32CubeIDE_1.13.2/STM32CubeIDE/plugins/com.st.stm32cube.ide.mcu.externaltools.gnu-tools-for-stm32.11.3.rel1.win32_1.1.1.202309131626/tools/bin/../lib/gcc/arm-none-eabi/11.3.1/../../../../arm-none-eabi/lib/thumb/v7e-m+fp/hard\libc_nano.a(libc_a-mprec.o)
                0x000000000800b6ac                __s2b
 .text.__hi0bits
                0x000000000800b740       0x40 D:/STM/STM32CubeIDE_1.13.2/STM32CubeIDE/plugins/com.st.stm32cube.ide.mcu.externaltools.gnu-tools-for-stm32.11.3.rel1.win32_1.1.1.202309131626/tools/bin/../lib/gcc/arm-none-eabi/11.3.1/../../../../arm-none-eabi/lib/thumb/v7e-m+fp/hard\libc_nano.a(libc_a-mprec.o)
                0x000000000800b740                __hi0bits
 .text.__lo0bits
                0x000000000800b780       0x5a D:/STM/STM32CubeIDE_1.13.2/STM32CubeIDE/plugins/com.st.stm32cube.ide.mcu.externaltools.gnu-tools-for-stm32.11.3.rel1.win32_1.1.1.202309131626/tools/bin/../lib/gcc/arm-none-eabi/11.3.1/../../../../arm-none-eabi/lib/thumb/v7e-m+fp/hard\libc_nano.a(libc_a-mprec.o)
                0x000000000800b780                __lo0bits
 *fill*         0x000000000800b7da        0x2 
 .text.__i2b    0x000000000800b7dc       0x2c D:/STM/STM32CubeIDE_1.13.2/STM32CubeIDE/plugins/com.st.stm32cube.ide.mcu.externaltools.gnu-tools-for-stm32.11.3.rel1.win32_1.1.1.202309131626/tools/bin/../lib/gcc/arm-none-eabi/11.3.1/../../../../arm-none-eabi/lib/thumb/v7e-m+fp/hard\libc_nano.a(libc_a-mprec.o)
                0x000000000800b7dc                __i2b
 .text.__multiply
                0x000000000800b808      0x154 D:/STM/STM32CubeIDE_1.13.2/STM32CubeIDE/plugins/com.st.stm32cube.ide.mcu.externaltools.gnu-tools-for-stm32.11.3.rel1.win32_1.1.1.202309131626/tools/bin/../lib/gcc/arm-none-eabi/11.3.1/../../../../arm-none-eabi/lib/thumb/v7e-m+fp/hard\libc_nano.a(libc_a-mprec.o)
                0x000000000800b808                __multiply
 .text.__pow5mult
                0x000000000800b95c       0xb4 D:/STM/STM32CubeIDE_1.13.2/STM32CubeIDE/plugins/com.st.stm32cube.ide.mcu.externaltools.gnu-tools-for-stm32.11.3.rel1.win32_1.1.1.202309131626/tools/bin/../lib/gcc/arm-none-eabi/11.3.1/../../../../arm-none-eabi/lib/thumb/v7e-m+fp/hard\libc_nano.a(libc_a-mprec.o)
                0x000000000800b95c                __pow5mult
 .text.__lshift
                0x000000000800ba10       0xd8 D:/STM/STM32CubeIDE_1.13.2/STM32CubeIDE/plugins/com.st.stm32cube.ide.mcu.externaltools.gnu-tools-for-stm32.11.3.rel1.win32_1.1.1.202309131626/tools/bin/../lib/gcc/arm-none-eabi/11.3.1/../../../../arm-none-eabi/lib/thumb/v7e-m+fp/hard\libc_nano.a(libc_a-mprec.o)
                0x000000000800ba10                __lshift
 .text.__mcmp   0x000000000800bae8       0x38 D:/STM/STM32CubeIDE_1.13.2/STM32CubeIDE/plugins/com.st.stm32cube.ide.mcu.externaltools.gnu-tools-for-stm32.11.3.rel1.win32_1.1.1.202309131626/tools/bin/../lib/gcc/arm-none-eabi/11.3.1/../../../../arm-none-eabi/lib/thumb/v7e-m+fp/hard\libc_nano.a(libc_a-mprec.o)
                0x000000000800bae8                __mcmp
 .text.__mdiff  0x000000000800bb20      0x114 D:/STM/STM32CubeIDE_1.13.2/STM32CubeIDE/plugins/com.st.stm32cube.ide.mcu.externaltools.gnu-tools-for-stm32.11.3.rel1.win32_1.1.1.202309131626/tools/bin/../lib/gcc/arm-none-eabi/11.3.1/../../../../arm-none-eabi/lib/thumb/v7e-m+fp/hard\libc_nano.a(libc_a-mprec.o)
                0x000000000800bb20                __mdiff
 .text.__ulp    0x000000000800bc34       0x4c D:/STM/STM32CubeIDE_1.13.2/STM32CubeIDE/plugins/com.st.stm32cube.ide.mcu.externaltools.gnu-tools-for-stm32.11.3.rel1.win32_1.1.1.202309131626/tools/bin/../lib/gcc/arm-none-eabi/11.3.1/../../../../arm-none-eabi/lib/thumb/v7e-m+fp/hard\libc_nano.a(libc_a-mprec.o)
                0x000000000800bc34                __ulp
 .text.__b2d    0x000000000800bc80       0x94 D:/STM/STM32CubeIDE_1.13.2/STM32CubeIDE/plugins/com.st.stm32cube.ide.mcu.externaltools.gnu-tools-for-stm32.11.3.rel1.win32_1.1.1.202309131626/tools/bin/../lib/gcc/arm-none-eabi/11.3.1/../../../../arm-none-eabi/lib/thumb/v7e-m+fp/hard\libc_nano.a(libc_a-mprec.o)
                0x000000000800bc80                __b2d
 .text.__d2b    0x000000000800bd14       0xb4 D:/STM/STM32CubeIDE_1.13.2/STM32CubeIDE/plugins/com.st.stm32cube.ide.mcu.externaltools.gnu-tools-for-stm32.11.3.rel1.win32_1.1.1.202309131626/tools/bin/../lib/gcc/arm-none-eabi/11.3.1/../../../../arm-none-eabi/lib/thumb/v7e-m+fp/hard\libc_nano.a(libc_a-mprec.o)
                0x000000000800bd14                __d2b
 .text.__ratio  0x000000000800bdc8       0x66 D:/STM/STM32CubeIDE_1.13.2/STM32CubeIDE/plugins/com.st.stm32cube.ide.mcu.externaltools.gnu-tools-for-stm32.11.3.rel1.win32_1.1.1.202309131626/tools/bin/../lib/gcc/arm-none-eabi/11.3.1/../../../../arm-none-eabi/lib/thumb/v7e-m+fp/hard\libc_nano.a(libc_a-mprec.o)
                0x000000000800bdc8                __ratio
 .text.__copybits
                0x000000000800be2e       0x46 D:/STM/STM32CubeIDE_1.13.2/STM32CubeIDE/plugins/com.st.stm32cube.ide.mcu.externaltools.gnu-tools-for-stm32.11.3.rel1.win32_1.1.1.202309131626/tools/bin/../lib/gcc/arm-none-eabi/11.3.1/../../../../arm-none-eabi/lib/thumb/v7e-m+fp/hard\libc_nano.a(libc_a-mprec.o)
                0x000000000800be2e                __copybits
 .text.__any_on
                0x000000000800be74       0x42 D:/STM/STM32CubeIDE_1.13.2/STM32CubeIDE/plugins/com.st.stm32cube.ide.mcu.externaltools.gnu-tools-for-stm32.11.3.rel1.win32_1.1.1.202309131626/tools/bin/../lib/gcc/arm-none-eabi/11.3.1/../../../../arm-none-eabi/lib/thumb/v7e-m+fp/hard\libc_nano.a(libc_a-mprec.o)
                0x000000000800be74                __any_on
 .text._malloc_usable_size_r
                0x000000000800beb6       0x10 D:/STM/STM32CubeIDE_1.13.2/STM32CubeIDE/plugins/com.st.stm32cube.ide.mcu.externaltools.gnu-tools-for-stm32.11.3.rel1.win32_1.1.1.202309131626/tools/bin/../lib/gcc/arm-none-eabi/11.3.1/../../../../arm-none-eabi/lib/thumb/v7e-m+fp/hard\libc_nano.a(libc_a-msizer.o)
                0x000000000800beb6                _malloc_usable_size_r
 .text.sulp     0x000000000800bec6       0x38 D:/STM/STM32CubeIDE_1.13.2/STM32CubeIDE/plugins/com.st.stm32cube.ide.mcu.externaltools.gnu-tools-for-stm32.11.3.rel1.win32_1.1.1.202309131626/tools/bin/../lib/gcc/arm-none-eabi/11.3.1/../../../../arm-none-eabi/lib/thumb/v7e-m+fp/hard\libc_nano.a(libc_a-strtod.o)
 *fill*         0x000000000800befe        0x2 
 .text._strtod_l
                0x000000000800bf00      0xbe0 D:/STM/STM32CubeIDE_1.13.2/STM32CubeIDE/plugins/com.st.stm32cube.ide.mcu.externaltools.gnu-tools-for-stm32.11.3.rel1.win32_1.1.1.202309131626/tools/bin/../lib/gcc/arm-none-eabi/11.3.1/../../../../arm-none-eabi/lib/thumb/v7e-m+fp/hard\libc_nano.a(libc_a-strtod.o)
                0x000000000800bf00                _strtod_l
 .text._strtod_r
                0x000000000800cae0        0xc D:/STM/STM32CubeIDE_1.13.2/STM32CubeIDE/plugins/com.st.stm32cube.ide.mcu.externaltools.gnu-tools-for-stm32.11.3.rel1.win32_1.1.1.202309131626/tools/bin/../lib/gcc/arm-none-eabi/11.3.1/../../../../arm-none-eabi/lib/thumb/v7e-m+fp/hard\libc_nano.a(libc_a-strtod.o)
                0x000000000800cae0                _strtod_r
 .text._strtol_l.constprop.0
                0x000000000800caec      0x104 D:/STM/STM32CubeIDE_1.13.2/STM32CubeIDE/plugins/com.st.stm32cube.ide.mcu.externaltools.gnu-tools-for-stm32.11.3.rel1.win32_1.1.1.202309131626/tools/bin/../lib/gcc/arm-none-eabi/11.3.1/../../../../arm-none-eabi/lib/thumb/v7e-m+fp/hard\libc_nano.a(libc_a-strtol.o)
 .text._strtol_r
                0x000000000800cbf0        0x4 D:/STM/STM32CubeIDE_1.13.2/STM32CubeIDE/plugins/com.st.stm32cube.ide.mcu.externaltools.gnu-tools-for-stm32.11.3.rel1.win32_1.1.1.202309131626/tools/bin/../lib/gcc/arm-none-eabi/11.3.1/../../../../arm-none-eabi/lib/thumb/v7e-m+fp/hard\libc_nano.a(libc_a-strtol.o)
                0x000000000800cbf0                _strtol_r
 .text.__ssputs_r
                0x000000000800cbf4       0xb4 D:/STM/STM32CubeIDE_1.13.2/STM32CubeIDE/plugins/com.st.stm32cube.ide.mcu.externaltools.gnu-tools-for-stm32.11.3.rel1.win32_1.1.1.202309131626/tools/bin/../lib/gcc/arm-none-eabi/11.3.1/../../../../arm-none-eabi/lib/thumb/v7e-m+fp/hard\libc_nano.a(libc_a-nano-svfprintf.o)
                0x000000000800cbf4                __ssputs_r
 .text._svfprintf_r
                0x000000000800cca8      0x1fc D:/STM/STM32CubeIDE_1.13.2/STM32CubeIDE/plugins/com.st.stm32cube.ide.mcu.externaltools.gnu-tools-for-stm32.11.3.rel1.win32_1.1.1.202309131626/tools/bin/../lib/gcc/arm-none-eabi/11.3.1/../../../../arm-none-eabi/lib/thumb/v7e-m+fp/hard\libc_nano.a(libc_a-nano-svfprintf.o)
                0x000000000800cca8                _svfiprintf_r
                0x000000000800cca8                _svfprintf_r
 .text.__sflush_r
                0x000000000800cea4      0x10c D:/STM/STM32CubeIDE_1.13.2/STM32CubeIDE/plugins/com.st.stm32cube.ide.mcu.externaltools.gnu-tools-for-stm32.11.3.rel1.win32_1.1.1.202309131626/tools/bin/../lib/gcc/arm-none-eabi/11.3.1/../../../../arm-none-eabi/lib/thumb/v7e-m+fp/hard\libc_nano.a(libc_a-fflush.o)
                0x000000000800cea4                __sflush_r
 .text._fflush_r
                0x000000000800cfb0       0x50 D:/STM/STM32CubeIDE_1.13.2/STM32CubeIDE/plugins/com.st.stm32cube.ide.mcu.externaltools.gnu-tools-for-stm32.11.3.rel1.win32_1.1.1.202309131626/tools/bin/../lib/gcc/arm-none-eabi/11.3.1/../../../../arm-none-eabi/lib/thumb/v7e-m+fp/hard\libc_nano.a(libc_a-fflush.o)
                0x000000000800cfb0                _fflush_r
 .text.strncmp  0x000000000800d000       0x24 D:/STM/STM32CubeIDE_1.13.2/STM32CubeIDE/plugins/com.st.stm32cube.ide.mcu.externaltools.gnu-tools-for-stm32.11.3.rel1.win32_1.1.1.202309131626/tools/bin/../lib/gcc/arm-none-eabi/11.3.1/../../../../arm-none-eabi/lib/thumb/v7e-m+fp/hard\libc_nano.a(libc_a-strncmp.o)
                0x000000000800d000                strncmp
 *fill*         0x000000000800d024        0x4 
 .text.nan      0x000000000800d028       0x10 D:/STM/STM32CubeIDE_1.13.2/STM32CubeIDE/plugins/com.st.stm32cube.ide.mcu.externaltools.gnu-tools-for-stm32.11.3.rel1.win32_1.1.1.202309131626/tools/bin/../lib/gcc/arm-none-eabi/11.3.1/../../../../arm-none-eabi/lib/thumb/v7e-m+fp/hard\libc_nano.a(libm_a-s_nan.o)
                0x000000000800d028                nan
 .text.__assert_func
                0x000000000800d038       0x3c D:/STM/STM32CubeIDE_1.13.2/STM32CubeIDE/plugins/com.st.stm32cube.ide.mcu.externaltools.gnu-tools-for-stm32.11.3.rel1.win32_1.1.1.202309131626/tools/bin/../lib/gcc/arm-none-eabi/11.3.1/../../../../arm-none-eabi/lib/thumb/v7e-m+fp/hard\libc_nano.a(libc_a-assert.o)
                0x000000000800d038                __assert_func
 .text._calloc_r
                0x000000000800d074       0x2c D:/STM/STM32CubeIDE_1.13.2/STM32CubeIDE/plugins/com.st.stm32cube.ide.mcu.externaltools.gnu-tools-for-stm32.11.3.rel1.win32_1.1.1.202309131626/tools/bin/../lib/gcc/arm-none-eabi/11.3.1/../../../../arm-none-eabi/lib/thumb/v7e-m+fp/hard\libc_nano.a(libc_a-callocr.o)
                0x000000000800d074                _calloc_r
 .text.rshift   0x000000000800d0a0       0xa4 D:/STM/STM32CubeIDE_1.13.2/STM32CubeIDE/plugins/com.st.stm32cube.ide.mcu.externaltools.gnu-tools-for-stm32.11.3.rel1.win32_1.1.1.202309131626/tools/bin/../lib/gcc/arm-none-eabi/11.3.1/../../../../arm-none-eabi/lib/thumb/v7e-m+fp/hard\libc_nano.a(libc_a-gdtoa-gethex.o)
 .text.__hexdig_fun
                0x000000000800d144       0x2a D:/STM/STM32CubeIDE_1.13.2/STM32CubeIDE/plugins/com.st.stm32cube.ide.mcu.externaltools.gnu-tools-for-stm32.11.3.rel1.win32_1.1.1.202309131626/tools/bin/../lib/gcc/arm-none-eabi/11.3.1/../../../../arm-none-eabi/lib/thumb/v7e-m+fp/hard\libc_nano.a(libc_a-gdtoa-gethex.o)
                0x000000000800d144                __hexdig_fun
 *fill*         0x000000000800d16e        0x2 
 .text.__gethex
                0x000000000800d170      0x45c D:/STM/STM32CubeIDE_1.13.2/STM32CubeIDE/plugins/com.st.stm32cube.ide.mcu.externaltools.gnu-tools-for-stm32.11.3.rel1.win32_1.1.1.202309131626/tools/bin/../lib/gcc/arm-none-eabi/11.3.1/../../../../arm-none-eabi/lib/thumb/v7e-m+fp/hard\libc_nano.a(libc_a-gdtoa-gethex.o)
                0x000000000800d170                __gethex
 .text.L_shift  0x000000000800d5cc       0x24 D:/STM/STM32CubeIDE_1.13.2/STM32CubeIDE/plugins/com.st.stm32cube.ide.mcu.externaltools.gnu-tools-for-stm32.11.3.rel1.win32_1.1.1.202309131626/tools/bin/../lib/gcc/arm-none-eabi/11.3.1/../../../../arm-none-eabi/lib/thumb/v7e-m+fp/hard\libc_nano.a(libc_a-gdtoa-hexnan.o)
 .text.__match  0x000000000800d5f0       0x28 D:/STM/STM32CubeIDE_1.13.2/STM32CubeIDE/plugins/com.st.stm32cube.ide.mcu.externaltools.gnu-tools-for-stm32.11.3.rel1.win32_1.1.1.202309131626/tools/bin/../lib/gcc/arm-none-eabi/11.3.1/../../../../arm-none-eabi/lib/thumb/v7e-m+fp/hard\libc_nano.a(libc_a-gdtoa-hexnan.o)
                0x000000000800d5f0                __match
 .text.__hexnan
                0x000000000800d618      0x136 D:/STM/STM32CubeIDE_1.13.2/STM32CubeIDE/plugins/com.st.stm32cube.ide.mcu.externaltools.gnu-tools-for-stm32.11.3.rel1.win32_1.1.1.202309131626/tools/bin/../lib/gcc/arm-none-eabi/11.3.1/../../../../arm-none-eabi/lib/thumb/v7e-m+fp/hard\libc_nano.a(libc_a-gdtoa-hexnan.o)
                0x000000000800d618                __hexnan
 .text.__ascii_mbtowc
                0x000000000800d74e       0x24 D:/STM/STM32CubeIDE_1.13.2/STM32CubeIDE/plugins/com.st.stm32cube.ide.mcu.externaltools.gnu-tools-for-stm32.11.3.rel1.win32_1.1.1.202309131626/tools/bin/../lib/gcc/arm-none-eabi/11.3.1/../../../../arm-none-eabi/lib/thumb/v7e-m+fp/hard\libc_nano.a(libc_a-mbtowc_r.o)
                0x000000000800d74e                __ascii_mbtowc
 .text.__ascii_wctomb
                0x000000000800d772       0x1a D:/STM/STM32CubeIDE_1.13.2/STM32CubeIDE/plugins/com.st.stm32cube.ide.mcu.externaltools.gnu-tools-for-stm32.11.3.rel1.win32_1.1.1.202309131626/tools/bin/../lib/gcc/arm-none-eabi/11.3.1/../../../../arm-none-eabi/lib/thumb/v7e-m+fp/hard\libc_nano.a(libc_a-wctomb_r.o)
                0x000000000800d772                __ascii_wctomb
 .text.fprintf  0x000000000800d78c       0x24 D:/STM/STM32CubeIDE_1.13.2/STM32CubeIDE/plugins/com.st.stm32cube.ide.mcu.externaltools.gnu-tools-for-stm32.11.3.rel1.win32_1.1.1.202309131626/tools/bin/../lib/gcc/arm-none-eabi/11.3.1/../../../../arm-none-eabi/lib/thumb/v7e-m+fp/hard\libc_nano.a(libc_a-fprintf.o)
                0x000000000800d78c                fiprintf
                0x000000000800d78c                fprintf
 .text.abort    0x000000000800d7b0        0xe D:/STM/STM32CubeIDE_1.13.2/STM32CubeIDE/plugins/com.st.stm32cube.ide.mcu.externaltools.gnu-tools-for-stm32.11.3.rel1.win32_1.1.1.202309131626/tools/bin/../lib/gcc/arm-none-eabi/11.3.1/../../../../arm-none-eabi/lib/thumb/v7e-m+fp/hard\libc_nano.a(libc_a-abort.o)
                0x000000000800d7b0                abort
 .text.__sfputc_r
                0x000000000800d7be       0x2e D:/STM/STM32CubeIDE_1.13.2/STM32CubeIDE/plugins/com.st.stm32cube.ide.mcu.externaltools.gnu-tools-for-stm32.11.3.rel1.win32_1.1.1.202309131626/tools/bin/../lib/gcc/arm-none-eabi/11.3.1/../../../../arm-none-eabi/lib/thumb/v7e-m+fp/hard\libc_nano.a(libc_a-nano-vfprintf.o)
 .text.__sfputs_r
                0x000000000800d7ec       0x24 D:/STM/STM32CubeIDE_1.13.2/STM32CubeIDE/plugins/com.st.stm32cube.ide.mcu.externaltools.gnu-tools-for-stm32.11.3.rel1.win32_1.1.1.202309131626/tools/bin/../lib/gcc/arm-none-eabi/11.3.1/../../../../arm-none-eabi/lib/thumb/v7e-m+fp/hard\libc_nano.a(libc_a-nano-vfprintf.o)
                0x000000000800d7ec                __sfputs_r
 .text._vfprintf_r
                0x000000000800d810      0x234 D:/STM/STM32CubeIDE_1.13.2/STM32CubeIDE/plugins/com.st.stm32cube.ide.mcu.externaltools.gnu-tools-for-stm32.11.3.rel1.win32_1.1.1.202309131626/tools/bin/../lib/gcc/arm-none-eabi/11.3.1/../../../../arm-none-eabi/lib/thumb/v7e-m+fp/hard\libc_nano.a(libc_a-nano-vfprintf.o)
                0x000000000800d810                _vfprintf_r
                0x000000000800d810                _vfiprintf_r
 .text.__swbuf_r
                0x000000000800da44       0x7a D:/STM/STM32CubeIDE_1.13.2/STM32CubeIDE/plugins/com.st.stm32cube.ide.mcu.externaltools.gnu-tools-for-stm32.11.3.rel1.win32_1.1.1.202309131626/tools/bin/../lib/gcc/arm-none-eabi/11.3.1/../../../../arm-none-eabi/lib/thumb/v7e-m+fp/hard\libc_nano.a(libc_a-wbuf.o)
                0x000000000800da44                __swbuf_r
 *fill*         0x000000000800dabe        0x2 
 .text.__swsetup_r
                0x000000000800dac0       0xb0 D:/STM/STM32CubeIDE_1.13.2/STM32CubeIDE/plugins/com.st.stm32cube.ide.mcu.externaltools.gnu-tools-for-stm32.11.3.rel1.win32_1.1.1.202309131626/tools/bin/../lib/gcc/arm-none-eabi/11.3.1/../../../../arm-none-eabi/lib/thumb/v7e-m+fp/hard\libc_nano.a(libc_a-wsetup.o)
                0x000000000800dac0                __swsetup_r
 .text._raise_r
                0x000000000800db70       0x50 D:/STM/STM32CubeIDE_1.13.2/STM32CubeIDE/plugins/com.st.stm32cube.ide.mcu.externaltools.gnu-tools-for-stm32.11.3.rel1.win32_1.1.1.202309131626/tools/bin/../lib/gcc/arm-none-eabi/11.3.1/../../../../arm-none-eabi/lib/thumb/v7e-m+fp/hard\libc_nano.a(libc_a-signal.o)
                0x000000000800db70                _raise_r
 .text.raise    0x000000000800dbc0       0x10 D:/STM/STM32CubeIDE_1.13.2/STM32CubeIDE/plugins/com.st.stm32cube.ide.mcu.externaltools.gnu-tools-for-stm32.11.3.rel1.win32_1.1.1.202309131626/tools/bin/../lib/gcc/arm-none-eabi/11.3.1/../../../../arm-none-eabi/lib/thumb/v7e-m+fp/hard\libc_nano.a(libc_a-signal.o)
                0x000000000800dbc0                raise
 .text._kill_r  0x000000000800dbd0       0x24 D:/STM/STM32CubeIDE_1.13.2/STM32CubeIDE/plugins/com.st.stm32cube.ide.mcu.externaltools.gnu-tools-for-stm32.11.3.rel1.win32_1.1.1.202309131626/tools/bin/../lib/gcc/arm-none-eabi/11.3.1/../../../../arm-none-eabi/lib/thumb/v7e-m+fp/hard\libc_nano.a(libc_a-signalr.o)
                0x000000000800dbd0                _kill_r
 .text._getpid_r
                0x000000000800dbf4        0x4 D:/STM/STM32CubeIDE_1.13.2/STM32CubeIDE/plugins/com.st.stm32cube.ide.mcu.externaltools.gnu-tools-for-stm32.11.3.rel1.win32_1.1.1.202309131626/tools/bin/../lib/gcc/arm-none-eabi/11.3.1/../../../../arm-none-eabi/lib/thumb/v7e-m+fp/hard\libc_nano.a(libc_a-signalr.o)
                0x000000000800dbf4                _getpid_r
 .text.__swhatbuf_r
                0x000000000800dbf8       0x4c D:/STM/STM32CubeIDE_1.13.2/STM32CubeIDE/plugins/com.st.stm32cube.ide.mcu.externaltools.gnu-tools-for-stm32.11.3.rel1.win32_1.1.1.202309131626/tools/bin/../lib/gcc/arm-none-eabi/11.3.1/../../../../arm-none-eabi/lib/thumb/v7e-m+fp/hard\libc_nano.a(libc_a-makebuf.o)
                0x000000000800dbf8                __swhatbuf_r
 .text.__smakebuf_r
                0x000000000800dc44       0x78 D:/STM/STM32CubeIDE_1.13.2/STM32CubeIDE/plugins/com.st.stm32cube.ide.mcu.externaltools.gnu-tools-for-stm32.11.3.rel1.win32_1.1.1.202309131626/tools/bin/../lib/gcc/arm-none-eabi/11.3.1/../../../../arm-none-eabi/lib/thumb/v7e-m+fp/hard\libc_nano.a(libc_a-makebuf.o)
                0x000000000800dc44                __smakebuf_r
 .text._fstat_r
                0x000000000800dcbc       0x24 D:/STM/STM32CubeIDE_1.13.2/STM32CubeIDE/plugins/com.st.stm32cube.ide.mcu.externaltools.gnu-tools-for-stm32.11.3.rel1.win32_1.1.1.202309131626/tools/bin/../lib/gcc/arm-none-eabi/11.3.1/../../../../arm-none-eabi/lib/thumb/v7e-m+fp/hard\libc_nano.a(libc_a-fstatr.o)
                0x000000000800dcbc                _fstat_r
 .text._isatty_r
                0x000000000800dce0       0x20 D:/STM/STM32CubeIDE_1.13.2/STM32CubeIDE/plugins/com.st.stm32cube.ide.mcu.externaltools.gnu-tools-for-stm32.11.3.rel1.win32_1.1.1.202309131626/tools/bin/../lib/gcc/arm-none-eabi/11.3.1/../../../../arm-none-eabi/lib/thumb/v7e-m+fp/hard\libc_nano.a(libc_a-isattyr.o)
                0x000000000800dce0                _isatty_r
 .text.expf     0x000000000800dd00       0x6c D:/STM/STM32CubeIDE_1.13.2/STM32CubeIDE/plugins/com.st.stm32cube.ide.mcu.externaltools.gnu-tools-for-stm32.11.3.rel1.win32_1.1.1.202309131626/tools/bin/../lib/gcc/arm-none-eabi/11.3.1/../../../../arm-none-eabi/lib/thumb/v7e-m+fp/hard\libm.a(libm_a-wf_exp.o)
                0x000000000800dd00                expf
 .text.sqrtf    0x000000000800dd6c       0x3c D:/STM/STM32CubeIDE_1.13.2/STM32CubeIDE/plugins/com.st.stm32cube.ide.mcu.externaltools.gnu-tools-for-stm32.11.3.rel1.win32_1.1.1.202309131626/tools/bin/../lib/gcc/arm-none-eabi/11.3.1/../../../../arm-none-eabi/lib/thumb/v7e-m+fp/hard\libm.a(libm_a-wf_sqrt.o)
                0x000000000800dd6c                sqrtf
 .text.finitef  0x000000000800dda8       0x1a D:/STM/STM32CubeIDE_1.13.2/STM32CubeIDE/plugins/com.st.stm32cube.ide.mcu.externaltools.gnu-tools-for-stm32.11.3.rel1.win32_1.1.1.202309131626/tools/bin/../lib/gcc/arm-none-eabi/11.3.1/../../../../arm-none-eabi/lib/thumb/v7e-m+fp/hard\libm.a(libm_a-sf_finite.o)
                0x000000000800dda8                finitef
 .text.with_errnof
                0x000000000800ddc2       0x16 D:/STM/STM32CubeIDE_1.13.2/STM32CubeIDE/plugins/com.st.stm32cube.ide.mcu.externaltools.gnu-tools-for-stm32.11.3.rel1.win32_1.1.1.202309131626/tools/bin/../lib/gcc/arm-none-eabi/11.3.1/../../../../arm-none-eabi/lib/thumb/v7e-m+fp/hard\libm.a(libm_a-math_errf.o)
 .text.xflowf   0x000000000800ddd8       0x16 D:/STM/STM32CubeIDE_1.13.2/STM32CubeIDE/plugins/com.st.stm32cube.ide.mcu.externaltools.gnu-tools-for-stm32.11.3.rel1.win32_1.1.1.202309131626/tools/bin/../lib/gcc/arm-none-eabi/11.3.1/../../../../arm-none-eabi/lib/thumb/v7e-m+fp/hard\libm.a(libm_a-math_errf.o)
 *fill*         0x000000000800ddee        0x2 
 .text.__math_uflowf
                0x000000000800ddf0        0xc D:/STM/STM32CubeIDE_1.13.2/STM32CubeIDE/plugins/com.st.stm32cube.ide.mcu.externaltools.gnu-tools-for-stm32.11.3.rel1.win32_1.1.1.202309131626/tools/bin/../lib/gcc/arm-none-eabi/11.3.1/../../../../arm-none-eabi/lib/thumb/v7e-m+fp/hard\libm.a(libm_a-math_errf.o)
                0x000000000800ddf0                __math_uflowf
 .text.__math_oflowf
                0x000000000800ddfc        0xc D:/STM/STM32CubeIDE_1.13.2/STM32CubeIDE/plugins/com.st.stm32cube.ide.mcu.externaltools.gnu-tools-for-stm32.11.3.rel1.win32_1.1.1.202309131626/tools/bin/../lib/gcc/arm-none-eabi/11.3.1/../../../../arm-none-eabi/lib/thumb/v7e-m+fp/hard\libm.a(libm_a-math_errf.o)
                0x000000000800ddfc                __math_oflowf
 .text.__ieee754_sqrtf
                0x000000000800de08        0x6 D:/STM/STM32CubeIDE_1.13.2/STM32CubeIDE/plugins/com.st.stm32cube.ide.mcu.externaltools.gnu-tools-for-stm32.11.3.rel1.win32_1.1.1.202309131626/tools/bin/../lib/gcc/arm-none-eabi/11.3.1/../../../../arm-none-eabi/lib/thumb/v7e-m+fp/hard\libm.a(libm_a-ef_sqrt.o)
                0x000000000800de08                __ieee754_sqrtf
 *fill*         0x000000000800de0e        0x2 
 .text.roundf   0x000000000800de10       0x48 D:/STM/STM32CubeIDE_1.13.2/STM32CubeIDE/plugins/com.st.stm32cube.ide.mcu.externaltools.gnu-tools-for-stm32.11.3.rel1.win32_1.1.1.202309131626/tools/bin/../lib/gcc/arm-none-eabi/11.3.1/../../../../arm-none-eabi/lib/thumb/v7e-m+fp/hard\libm.a(libm_a-sf_round.o)
                0x000000000800de10                roundf
 .text.__ieee754_expf
                0x000000000800de58      0x19c D:/STM/STM32CubeIDE_1.13.2/STM32CubeIDE/plugins/com.st.stm32cube.ide.mcu.externaltools.gnu-tools-for-stm32.11.3.rel1.win32_1.1.1.202309131626/tools/bin/../lib/gcc/arm-none-eabi/11.3.1/../../../../arm-none-eabi/lib/thumb/v7e-m+fp/hard\libm.a(libm_a-ef_exp.o)
                0x000000000800de58                __ieee754_expf
 *(.glue_7)
 .glue_7        0x000000000800dff4        0x0 linker stubs
 *(.glue_7t)
 .glue_7t       0x000000000800dff4        0x0 linker stubs
 *(.eh_frame)
 .eh_frame      0x000000000800dff4        0x0 D:/STM/STM32CubeIDE_1.13.2/STM32CubeIDE/plugins/com.st.stm32cube.ide.mcu.externaltools.gnu-tools-for-stm32.11.3.rel1.win32_1.1.1.202309131626/tools/bin/../lib/gcc/arm-none-eabi/11.3.1/thumb/v7e-m+fp/hard/crtbegin.o
 *(.init)
 .init          0x000000000800dff4        0x4 D:/STM/STM32CubeIDE_1.13.2/STM32CubeIDE/plugins/com.st.stm32cube.ide.mcu.externaltools.gnu-tools-for-stm32.11.3.rel1.win32_1.1.1.202309131626/tools/bin/../lib/gcc/arm-none-eabi/11.3.1/thumb/v7e-m+fp/hard/crti.o
                0x000000000800dff4                _init
 .init          0x000000000800dff8        0x8 D:/STM/STM32CubeIDE_1.13.2/STM32CubeIDE/plugins/com.st.stm32cube.ide.mcu.externaltools.gnu-tools-for-stm32.11.3.rel1.win32_1.1.1.202309131626/tools/bin/../lib/gcc/arm-none-eabi/11.3.1/thumb/v7e-m+fp/hard/crtn.o
 *(.fini)
 .fini          0x000000000800e000        0x4 D:/STM/STM32CubeIDE_1.13.2/STM32CubeIDE/plugins/com.st.stm32cube.ide.mcu.externaltools.gnu-tools-for-stm32.11.3.rel1.win32_1.1.1.202309131626/tools/bin/../lib/gcc/arm-none-eabi/11.3.1/thumb/v7e-m+fp/hard/crti.o
                0x000000000800e000                _fini
 .fini          0x000000000800e004        0x8 D:/STM/STM32CubeIDE_1.13.2/STM32CubeIDE/plugins/com.st.stm32cube.ide.mcu.externaltools.gnu-tools-for-stm32.11.3.rel1.win32_1.1.1.202309131626/tools/bin/../lib/gcc/arm-none-eabi/11.3.1/thumb/v7e-m+fp/hard/crtn.o
                0x000000000800e00c                . = ALIGN (0x4)
                0x000000000800e00c                _etext = .

.vfp11_veneer   0x000000000800e00c        0x0
 .vfp11_veneer  0x000000000800e00c        0x0 linker stubs

.v4_bx          0x000000000800e00c        0x0
 .v4_bx         0x000000000800e00c        0x0 linker stubs

.iplt           0x000000000800e00c        0x0
 .iplt          0x000000000800e00c        0x0 D:/STM/STM32CubeIDE_1.13.2/STM32CubeIDE/plugins/com.st.stm32cube.ide.mcu.externaltools.gnu-tools-for-stm32.11.3.rel1.win32_1.1.1.202309131626/tools/bin/../lib/gcc/arm-none-eabi/11.3.1/thumb/v7e-m+fp/hard/crtbegin.o

.rodata         0x000000000800e020     0x90c0
                0x000000000800e020                . = ALIGN (0x4)
 *(.rodata)
 .rodata        0x000000000800e020       0x84 ./Core/Src/main.o
 .rodata        0x000000000800e0a4       0x30 ./X-CUBE-AI/App/network_data.o
 *(.rodata*)
 .rodata.AHBPrescTable
                0x000000000800e0d4       0x10 ./Core/Src/system_stm32f4xx.o
                0x000000000800e0d4                AHBPrescTable
 .rodata.APBPrescTable
                0x000000000800e0e4        0x8 ./Core/Src/system_stm32f4xx.o
                0x000000000800e0e4                APBPrescTable
 .rodata.nl_12_chain
                0x000000000800e0ec        0x8 ./X-CUBE-AI/App/network.o
 .rodata.dense_11_chain
                0x000000000800e0f4        0x8 ./X-CUBE-AI/App/network.o
 .rodata.conv2d_9_chain
                0x000000000800e0fc        0x8 ./X-CUBE-AI/App/network.o
 .rodata.conv2d_5_chain
                0x000000000800e104        0x8 ./X-CUBE-AI/App/network.o
 .rodata.upsample_4_scales_data
                0x000000000800e10c       0x10 ./X-CUBE-AI/App/network.o
 .rodata.upsample_4_scales
                0x000000000800e11c       0x10 ./X-CUBE-AI/App/network.o
 .rodata.upsample_4_chain
                0x000000000800e12c        0x8 ./X-CUBE-AI/App/network.o
 *fill*         0x000000000800e134        0xc 
 .rodata.s_network_weights_array_u64
                0x000000000800e140      0x350 ./X-CUBE-AI/App/network_data_params.o
                0x000000000800e140                s_network_weights_array_u64
 .rodata.CSWTCH.637
                0x000000000800e490       0x10 ../Middlewares/ST/AI/Lib\NetworkRuntime730_CM4_GCC.a(layers_generic_float.o)
 .rodata.armBitRevTable
                0x000000000800e4a0      0x800 ../Middlewares/ST/ARM/DSP/Lib\libarm_cortexM4lf_math.a(arm_common_tables.o)
                0x000000000800e4a0                armBitRevTable
 .rodata.twiddleCoef_4096
                0x000000000800eca0     0x8000 ../Middlewares/ST/ARM/DSP/Lib\libarm_cortexM4lf_math.a(arm_common_tables.o)
                0x000000000800eca0                twiddleCoef_4096
 .rodata._printf_float.str1.1
                0x0000000008016ca0       0x12 D:/STM/STM32CubeIDE_1.13.2/STM32CubeIDE/plugins/com.st.stm32cube.ide.mcu.externaltools.gnu-tools-for-stm32.11.3.rel1.win32_1.1.1.202309131626/tools/bin/../lib/gcc/arm-none-eabi/11.3.1/../../../../arm-none-eabi/lib/thumb/v7e-m+fp/hard\libc_nano.a(libc_a-nano-vfprintf_float.o)
 .rodata._printf_i.str1.1
                0x0000000008016cb2       0x22 D:/STM/STM32CubeIDE_1.13.2/STM32CubeIDE/plugins/com.st.stm32cube.ide.mcu.externaltools.gnu-tools-for-stm32.11.3.rel1.win32_1.1.1.202309131626/tools/bin/../lib/gcc/arm-none-eabi/11.3.1/../../../../arm-none-eabi/lib/thumb/v7e-m+fp/hard\libc_nano.a(libc_a-nano-vfprintf_i.o)
 .rodata._scanf_float.str1.1
                0x0000000008016cd4        0x5 D:/STM/STM32CubeIDE_1.13.2/STM32CubeIDE/plugins/com.st.stm32cube.ide.mcu.externaltools.gnu-tools-for-stm32.11.3.rel1.win32_1.1.1.202309131626/tools/bin/../lib/gcc/arm-none-eabi/11.3.1/../../../../arm-none-eabi/lib/thumb/v7e-m+fp/hard\libc_nano.a(libc_a-nano-vfscanf_float.o)
                                          0x6 (size before relaxing)
 .rodata._dtoa_r.str1.1
                0x0000000008016cd9       0x8d D:/STM/STM32CubeIDE_1.13.2/STM32CubeIDE/plugins/com.st.stm32cube.ide.mcu.externaltools.gnu-tools-for-stm32.11.3.rel1.win32_1.1.1.202309131626/tools/bin/../lib/gcc/arm-none-eabi/11.3.1/../../../../arm-none-eabi/lib/thumb/v7e-m+fp/hard\libc_nano.a(libc_a-dtoa.o)
                                         0x8f (size before relaxing)
 .rodata._Balloc.str1.1
                0x0000000008016d66       0x59 D:/STM/STM32CubeIDE_1.13.2/STM32CubeIDE/plugins/com.st.stm32cube.ide.mcu.externaltools.gnu-tools-for-stm32.11.3.rel1.win32_1.1.1.202309131626/tools/bin/../lib/gcc/arm-none-eabi/11.3.1/../../../../arm-none-eabi/lib/thumb/v7e-m+fp/hard\libc_nano.a(libc_a-mprec.o)
                                         0x70 (size before relaxing)
 .rodata.__multadd.str1.1
                0x0000000008016dbf       0x11 D:/STM/STM32CubeIDE_1.13.2/STM32CubeIDE/plugins/com.st.stm32cube.ide.mcu.externaltools.gnu-tools-for-stm32.11.3.rel1.win32_1.1.1.202309131626/tools/bin/../lib/gcc/arm-none-eabi/11.3.1/../../../../arm-none-eabi/lib/thumb/v7e-m+fp/hard\libc_nano.a(libc_a-mprec.o)
 *fill*         0x0000000008016dbf        0x1 
 .rodata.__mprec_bigtens
                0x0000000008016dc0       0x28 D:/STM/STM32CubeIDE_1.13.2/STM32CubeIDE/plugins/com.st.stm32cube.ide.mcu.externaltools.gnu-tools-for-stm32.11.3.rel1.win32_1.1.1.202309131626/tools/bin/../lib/gcc/arm-none-eabi/11.3.1/../../../../arm-none-eabi/lib/thumb/v7e-m+fp/hard\libc_nano.a(libc_a-mprec.o)
                0x0000000008016dc0                __mprec_bigtens
 .rodata.__mprec_tens